Apr 30 00:10:36 Debian-Redes rsyslogd: [origin software="rsyslogd" swVersion="8.2102.0" x-pid="682" x-info="https://www.rsyslog.com"] rsyslogd was HUPed
Apr 30 06:39:02 Debian-Redes KVP: KVP starting; pid is:47430
Apr 30 06:39:02 Debian-Redes KVP: KVP LIC Version: 3.1
Apr 30 06:39:43 Debian-Redes waagent[51771]: iptables v1.8.7 (nf_tables):  CHAIN_ZERO failed (No such file or directory): chain OUTPUT
Apr 30 06:39:43 Debian-Redes waagent[806]: 2023-04-30T06:39:43.419352Z ERROR ExtHandler ExtHandler Command: [iptables -w -t security -L OUTPUT --zero OUTPUT -nxv], return code: [4], result: [Chain OUTPUT (policy ACCEPT 0 packets, 0 bytes)
Apr 30 06:39:43 Debian-Redes waagent[806]:     pkts      bytes target     prot opt in     out     source               destination
Apr 30 06:39:43 Debian-Redes waagent[806]: Zeroing chain `OUTPUT'
Apr 30 06:39:43 Debian-Redes waagent[806]: ]
Apr 30 06:39:43 Debian-Redes waagent[806]: 2023-04-30T06:39:43.447390Z INFO ExtHandler ExtHandler [HEARTBEAT] Agent WALinuxAgent-2.2.47 is running as the goal state agent
Apr 30 07:09:44 Debian-Redes waagent[54921]: iptables v1.8.7 (nf_tables):  CHAIN_ZERO failed (No such file or directory): chain OUTPUT
Apr 30 07:09:44 Debian-Redes waagent[806]: 2023-04-30T07:09:44.223241Z ERROR ExtHandler ExtHandler Command: [iptables -w -t security -L OUTPUT --zero OUTPUT -nxv], return code: [4], result: [Chain OUTPUT (policy ACCEPT 0 packets, 0 bytes)
Apr 30 07:09:44 Debian-Redes waagent[806]:     pkts      bytes target     prot opt in     out     source               destination
Apr 30 07:09:44 Debian-Redes waagent[806]: Zeroing chain `OUTPUT'
Apr 30 07:09:44 Debian-Redes waagent[806]: ]
Apr 30 07:09:44 Debian-Redes waagent[806]: 2023-04-30T07:09:44.235952Z INFO ExtHandler ExtHandler [HEARTBEAT] Agent WALinuxAgent-2.2.47 is running as the goal state agent
Apr 30 07:39:44 Debian-Redes waagent[55200]: iptables v1.8.7 (nf_tables):  CHAIN_ZERO failed (No such file or directory): chain OUTPUT
Apr 30 07:39:44 Debian-Redes waagent[806]: 2023-04-30T07:39:44.813029Z ERROR ExtHandler ExtHandler Command: [iptables -w -t security -L OUTPUT --zero OUTPUT -nxv], return code: [4], result: [Chain OUTPUT (policy ACCEPT 0 packets, 0 bytes)
Apr 30 07:39:44 Debian-Redes waagent[806]:     pkts      bytes target     prot opt in     out     source               destination
Apr 30 07:39:44 Debian-Redes waagent[806]: Zeroing chain `OUTPUT'
Apr 30 07:39:44 Debian-Redes waagent[806]: ]
Apr 30 07:39:44 Debian-Redes waagent[806]: 2023-04-30T07:39:44.825365Z INFO ExtHandler ExtHandler [HEARTBEAT] Agent WALinuxAgent-2.2.47 is running as the goal state agent
Apr 30 08:09:45 Debian-Redes waagent[55426]: iptables v1.8.7 (nf_tables):  CHAIN_ZERO failed (No such file or directory): chain OUTPUT
Apr 30 08:09:45 Debian-Redes waagent[806]: 2023-04-30T08:09:45.339115Z ERROR ExtHandler ExtHandler Command: [iptables -w -t security -L OUTPUT --zero OUTPUT -nxv], return code: [4], result: [Chain OUTPUT (policy ACCEPT 0 packets, 0 bytes)
Apr 30 08:09:45 Debian-Redes waagent[806]:     pkts      bytes target     prot opt in     out     source               destination
Apr 30 08:09:45 Debian-Redes waagent[806]: Zeroing chain `OUTPUT'
Apr 30 08:09:45 Debian-Redes waagent[806]: ]
Apr 30 08:09:45 Debian-Redes waagent[806]: 2023-04-30T08:09:45.351566Z INFO ExtHandler ExtHandler [HEARTBEAT] Agent WALinuxAgent-2.2.47 is running as the goal state agent
Apr 30 08:39:48 Debian-Redes waagent[55743]: iptables v1.8.7 (nf_tables):  CHAIN_ZERO failed (No such file or directory): chain OUTPUT
Apr 30 08:39:48 Debian-Redes waagent[806]: 2023-04-30T08:39:48.220697Z ERROR ExtHandler ExtHandler Command: [iptables -w -t security -L OUTPUT --zero OUTPUT -nxv], return code: [4], result: [Chain OUTPUT (policy ACCEPT 0 packets, 0 bytes)
Apr 30 08:39:48 Debian-Redes waagent[806]:     pkts      bytes target     prot opt in     out     source               destination
Apr 30 08:39:48 Debian-Redes waagent[806]: Zeroing chain `OUTPUT'
Apr 30 08:39:48 Debian-Redes waagent[806]: ]
Apr 30 08:39:48 Debian-Redes waagent[806]: 2023-04-30T08:39:48.234478Z INFO ExtHandler ExtHandler [HEARTBEAT] Agent WALinuxAgent-2.2.47 is running as the goal state agent
Apr 30 09:09:49 Debian-Redes waagent[56011]: iptables v1.8.7 (nf_tables):  CHAIN_ZERO failed (No such file or directory): chain OUTPUT
Apr 30 09:09:49 Debian-Redes waagent[806]: 2023-04-30T09:09:49.007188Z ERROR ExtHandler ExtHandler Command: [iptables -w -t security -L OUTPUT --zero OUTPUT -nxv], return code: [4], result: [Chain OUTPUT (policy ACCEPT 0 packets, 0 bytes)
Apr 30 09:09:49 Debian-Redes waagent[806]:     pkts      bytes target     prot opt in     out     source               destination
Apr 30 09:09:49 Debian-Redes waagent[806]: Zeroing chain `OUTPUT'
Apr 30 09:09:49 Debian-Redes waagent[806]: ]
Apr 30 09:09:49 Debian-Redes waagent[806]: 2023-04-30T09:09:49.020896Z INFO ExtHandler ExtHandler [HEARTBEAT] Agent WALinuxAgent-2.2.47 is running as the goal state agent
Apr 30 09:39:49 Debian-Redes waagent[56454]: iptables v1.8.7 (nf_tables):  CHAIN_ZERO failed (No such file or directory): chain OUTPUT
Apr 30 09:39:49 Debian-Redes waagent[806]: 2023-04-30T09:39:49.497190Z ERROR ExtHandler ExtHandler Command: [iptables -w -t security -L OUTPUT --zero OUTPUT -nxv], return code: [4], result: [Chain OUTPUT (policy ACCEPT 0 packets, 0 bytes)
Apr 30 09:39:49 Debian-Redes waagent[806]:     pkts      bytes target     prot opt in     out     source               destination
Apr 30 09:39:49 Debian-Redes waagent[806]: Zeroing chain `OUTPUT'
Apr 30 09:39:49 Debian-Redes waagent[806]: ]
Apr 30 09:39:49 Debian-Redes waagent[806]: 2023-04-30T09:39:49.509429Z INFO ExtHandler ExtHandler [HEARTBEAT] Agent WALinuxAgent-2.2.47 is running as the goal state agent
Apr 30 10:09:50 Debian-Redes waagent[56886]: iptables v1.8.7 (nf_tables):  CHAIN_ZERO failed (No such file or directory): chain OUTPUT
Apr 30 10:09:50 Debian-Redes waagent[806]: 2023-04-30T10:09:50.601843Z ERROR ExtHandler ExtHandler Command: [iptables -w -t security -L OUTPUT --zero OUTPUT -nxv], return code: [4], result: [Chain OUTPUT (policy ACCEPT 0 packets, 0 bytes)
Apr 30 10:09:50 Debian-Redes waagent[806]:     pkts      bytes target     prot opt in     out     source               destination
Apr 30 10:09:50 Debian-Redes waagent[806]: Zeroing chain `OUTPUT'
Apr 30 10:09:50 Debian-Redes waagent[806]: ]
Apr 30 10:09:50 Debian-Redes waagent[806]: 2023-04-30T10:09:50.615843Z INFO ExtHandler ExtHandler [HEARTBEAT] Agent WALinuxAgent-2.2.47 is running as the goal state agent
Apr 30 10:39:51 Debian-Redes waagent[57268]: iptables v1.8.7 (nf_tables):  CHAIN_ZERO failed (No such file or directory): chain OUTPUT
Apr 30 10:39:51 Debian-Redes waagent[806]: 2023-04-30T10:39:51.578373Z ERROR ExtHandler ExtHandler Command: [iptables -w -t security -L OUTPUT --zero OUTPUT -nxv], return code: [4], result: [Chain OUTPUT (policy ACCEPT 0 packets, 0 bytes)
Apr 30 10:39:51 Debian-Redes waagent[806]:     pkts      bytes target     prot opt in     out     source               destination
Apr 30 10:39:51 Debian-Redes waagent[806]: Zeroing chain `OUTPUT'
Apr 30 10:39:51 Debian-Redes waagent[806]: ]
Apr 30 10:39:51 Debian-Redes waagent[806]: 2023-04-30T10:39:51.591281Z INFO ExtHandler ExtHandler [HEARTBEAT] Agent WALinuxAgent-2.2.47 is running as the goal state agent
Apr 30 11:09:52 Debian-Redes waagent[57636]: iptables v1.8.7 (nf_tables):  CHAIN_ZERO failed (No such file or directory): chain OUTPUT
Apr 30 11:09:52 Debian-Redes waagent[806]: 2023-04-30T11:09:52.725494Z ERROR ExtHandler ExtHandler Command: [iptables -w -t security -L OUTPUT --zero OUTPUT -nxv], return code: [4], result: [Chain OUTPUT (policy ACCEPT 0 packets, 0 bytes)
Apr 30 11:09:52 Debian-Redes waagent[806]:     pkts      bytes target     prot opt in     out     source               destination
Apr 30 11:09:52 Debian-Redes waagent[806]: Zeroing chain `OUTPUT'
Apr 30 11:09:52 Debian-Redes waagent[806]: ]
Apr 30 11:09:52 Debian-Redes waagent[806]: 2023-04-30T11:09:52.738518Z INFO ExtHandler ExtHandler [HEARTBEAT] Agent WALinuxAgent-2.2.47 is running as the goal state agent
Apr 30 11:39:53 Debian-Redes waagent[57906]: iptables v1.8.7 (nf_tables):  CHAIN_ZERO failed (No such file or directory): chain OUTPUT
Apr 30 11:39:53 Debian-Redes waagent[806]: 2023-04-30T11:39:53.198809Z ERROR ExtHandler ExtHandler Command: [iptables -w -t security -L OUTPUT --zero OUTPUT -nxv], return code: [4], result: [Chain OUTPUT (policy ACCEPT 0 packets, 0 bytes)
Apr 30 11:39:53 Debian-Redes waagent[806]:     pkts      bytes target     prot opt in     out     source               destination
Apr 30 11:39:53 Debian-Redes waagent[806]: Zeroing chain `OUTPUT'
Apr 30 11:39:53 Debian-Redes waagent[806]: ]
Apr 30 11:39:53 Debian-Redes waagent[806]: 2023-04-30T11:39:53.211785Z INFO ExtHandler ExtHandler [HEARTBEAT] Agent WALinuxAgent-2.2.47 is running as the goal state agent
Apr 30 12:09:54 Debian-Redes waagent[58391]: iptables v1.8.7 (nf_tables):  CHAIN_ZERO failed (No such file or directory): chain OUTPUT
Apr 30 12:09:54 Debian-Redes waagent[806]: 2023-04-30T12:09:54.951811Z ERROR ExtHandler ExtHandler Command: [iptables -w -t security -L OUTPUT --zero OUTPUT -nxv], return code: [4], result: [Chain OUTPUT (policy ACCEPT 0 packets, 0 bytes)
Apr 30 12:09:54 Debian-Redes waagent[806]:     pkts      bytes target     prot opt in     out     source               destination
Apr 30 12:09:54 Debian-Redes waagent[806]: Zeroing chain `OUTPUT'
Apr 30 12:09:54 Debian-Redes waagent[806]: ]
Apr 30 12:09:54 Debian-Redes waagent[806]: 2023-04-30T12:09:54.964916Z INFO ExtHandler ExtHandler [HEARTBEAT] Agent WALinuxAgent-2.2.47 is running as the goal state agent
Apr 30 12:39:57 Debian-Redes waagent[58784]: iptables v1.8.7 (nf_tables):  CHAIN_ZERO failed (No such file or directory): chain OUTPUT
Apr 30 12:39:57 Debian-Redes waagent[806]: 2023-04-30T12:39:57.402849Z ERROR ExtHandler ExtHandler Command: [iptables -w -t security -L OUTPUT --zero OUTPUT -nxv], return code: [4], result: [Chain OUTPUT (policy ACCEPT 0 packets, 0 bytes)
Apr 30 12:39:57 Debian-Redes waagent[806]:     pkts      bytes target     prot opt in     out     source               destination
Apr 30 12:39:57 Debian-Redes waagent[806]: Zeroing chain `OUTPUT'
Apr 30 12:39:57 Debian-Redes waagent[806]: ]
Apr 30 12:39:57 Debian-Redes waagent[806]: 2023-04-30T12:39:57.416351Z INFO ExtHandler ExtHandler [HEARTBEAT] Agent WALinuxAgent-2.2.47 is running as the goal state agent
Apr 30 13:09:59 Debian-Redes waagent[59233]: iptables v1.8.7 (nf_tables):  CHAIN_ZERO failed (No such file or directory): chain OUTPUT
Apr 30 13:09:59 Debian-Redes waagent[806]: 2023-04-30T13:09:59.558236Z ERROR ExtHandler ExtHandler Command: [iptables -w -t security -L OUTPUT --zero OUTPUT -nxv], return code: [4], result: [Chain OUTPUT (policy ACCEPT 0 packets, 0 bytes)
Apr 30 13:09:59 Debian-Redes waagent[806]:     pkts      bytes target     prot opt in     out     source               destination
Apr 30 13:09:59 Debian-Redes waagent[806]: Zeroing chain `OUTPUT'
Apr 30 13:09:59 Debian-Redes waagent[806]: ]
Apr 30 13:09:59 Debian-Redes waagent[806]: 2023-04-30T13:09:59.570592Z INFO ExtHandler ExtHandler [HEARTBEAT] Agent WALinuxAgent-2.2.47 is running as the goal state agent
Apr 30 13:40:00 Debian-Redes waagent[59602]: iptables v1.8.7 (nf_tables):  CHAIN_ZERO failed (No such file or directory): chain OUTPUT
Apr 30 13:40:00 Debian-Redes waagent[806]: 2023-04-30T13:40:00.163320Z ERROR ExtHandler ExtHandler Command: [iptables -w -t security -L OUTPUT --zero OUTPUT -nxv], return code: [4], result: [Chain OUTPUT (policy ACCEPT 0 packets, 0 bytes)
Apr 30 13:40:00 Debian-Redes waagent[806]:     pkts      bytes target     prot opt in     out     source               destination
Apr 30 13:40:00 Debian-Redes waagent[806]: Zeroing chain `OUTPUT'
Apr 30 13:40:00 Debian-Redes waagent[806]: ]
Apr 30 13:40:00 Debian-Redes waagent[806]: 2023-04-30T13:40:00.175064Z INFO ExtHandler ExtHandler [HEARTBEAT] Agent WALinuxAgent-2.2.47 is running as the goal state agent
Apr 30 14:10:00 Debian-Redes waagent[59938]: iptables v1.8.7 (nf_tables):  CHAIN_ZERO failed (No such file or directory): chain OUTPUT
Apr 30 14:10:00 Debian-Redes waagent[806]: 2023-04-30T14:10:00.563325Z ERROR ExtHandler ExtHandler Command: [iptables -w -t security -L OUTPUT --zero OUTPUT -nxv], return code: [4], result: [Chain OUTPUT (policy ACCEPT 0 packets, 0 bytes)
Apr 30 14:10:00 Debian-Redes waagent[806]:     pkts      bytes target     prot opt in     out     source               destination
Apr 30 14:10:00 Debian-Redes waagent[806]: Zeroing chain `OUTPUT'
Apr 30 14:10:00 Debian-Redes waagent[806]: ]
Apr 30 14:10:00 Debian-Redes waagent[806]: 2023-04-30T14:10:00.576390Z INFO ExtHandler ExtHandler [HEARTBEAT] Agent WALinuxAgent-2.2.47 is running as the goal state agent
Apr 30 14:40:01 Debian-Redes waagent[60212]: iptables v1.8.7 (nf_tables):  CHAIN_ZERO failed (No such file or directory): chain OUTPUT
Apr 30 14:40:01 Debian-Redes waagent[806]: 2023-04-30T14:40:01.100211Z ERROR ExtHandler ExtHandler Command: [iptables -w -t security -L OUTPUT --zero OUTPUT -nxv], return code: [4], result: [Chain OUTPUT (policy ACCEPT 0 packets, 0 bytes)
Apr 30 14:40:01 Debian-Redes waagent[806]:     pkts      bytes target     prot opt in     out     source               destination
Apr 30 14:40:01 Debian-Redes waagent[806]: Zeroing chain `OUTPUT'
Apr 30 14:40:01 Debian-Redes waagent[806]: ]
Apr 30 14:40:01 Debian-Redes waagent[806]: 2023-04-30T14:40:01.113394Z INFO ExtHandler ExtHandler [HEARTBEAT] Agent WALinuxAgent-2.2.47 is running as the goal state agent
Apr 30 15:10:01 Debian-Redes waagent[60487]: iptables v1.8.7 (nf_tables):  CHAIN_ZERO failed (No such file or directory): chain OUTPUT
Apr 30 15:10:01 Debian-Redes waagent[806]: 2023-04-30T15:10:01.774562Z ERROR ExtHandler ExtHandler Command: [iptables -w -t security -L OUTPUT --zero OUTPUT -nxv], return code: [4], result: [Chain OUTPUT (policy ACCEPT 0 packets, 0 bytes)
Apr 30 15:10:01 Debian-Redes waagent[806]:     pkts      bytes target     prot opt in     out     source               destination
Apr 30 15:10:01 Debian-Redes waagent[806]: Zeroing chain `OUTPUT'
Apr 30 15:10:01 Debian-Redes waagent[806]: ]
Apr 30 15:10:01 Debian-Redes waagent[806]: 2023-04-30T15:10:01.787762Z INFO ExtHandler ExtHandler [HEARTBEAT] Agent WALinuxAgent-2.2.47 is running as the goal state agent
Apr 30 15:40:04 Debian-Redes waagent[60769]: iptables v1.8.7 (nf_tables):  CHAIN_ZERO failed (No such file or directory): chain OUTPUT
Apr 30 15:40:04 Debian-Redes waagent[806]: 2023-04-30T15:40:04.680635Z ERROR ExtHandler ExtHandler Command: [iptables -w -t security -L OUTPUT --zero OUTPUT -nxv], return code: [4], result: [Chain OUTPUT (policy ACCEPT 0 packets, 0 bytes)
Apr 30 15:40:04 Debian-Redes waagent[806]:     pkts      bytes target     prot opt in     out     source               destination
Apr 30 15:40:04 Debian-Redes waagent[806]: Zeroing chain `OUTPUT'
Apr 30 15:40:04 Debian-Redes waagent[806]: ]
Apr 30 15:40:04 Debian-Redes waagent[806]: 2023-04-30T15:40:04.693942Z INFO ExtHandler ExtHandler [HEARTBEAT] Agent WALinuxAgent-2.2.47 is running as the goal state agent
Apr 30 16:10:06 Debian-Redes waagent[61020]: iptables v1.8.7 (nf_tables):  CHAIN_ZERO failed (No such file or directory): chain OUTPUT
Apr 30 16:10:06 Debian-Redes waagent[806]: 2023-04-30T16:10:06.983589Z ERROR ExtHandler ExtHandler Command: [iptables -w -t security -L OUTPUT --zero OUTPUT -nxv], return code: [4], result: [Chain OUTPUT (policy ACCEPT 0 packets, 0 bytes)
Apr 30 16:10:06 Debian-Redes waagent[806]:     pkts      bytes target     prot opt in     out     source               destination
Apr 30 16:10:06 Debian-Redes waagent[806]: Zeroing chain `OUTPUT'
Apr 30 16:10:06 Debian-Redes waagent[806]: ]
Apr 30 16:10:06 Debian-Redes waagent[806]: 2023-04-30T16:10:06.996922Z INFO ExtHandler ExtHandler [HEARTBEAT] Agent WALinuxAgent-2.2.47 is running as the goal state agent
Apr 30 16:40:09 Debian-Redes waagent[61444]: iptables v1.8.7 (nf_tables):  CHAIN_ZERO failed (No such file or directory): chain OUTPUT
Apr 30 16:40:09 Debian-Redes waagent[806]: 2023-04-30T16:40:09.865091Z ERROR ExtHandler ExtHandler Command: [iptables -w -t security -L OUTPUT --zero OUTPUT -nxv], return code: [4], result: [Chain OUTPUT (policy ACCEPT 0 packets, 0 bytes)
Apr 30 16:40:09 Debian-Redes waagent[806]:     pkts      bytes target     prot opt in     out     source               destination
Apr 30 16:40:09 Debian-Redes waagent[806]: Zeroing chain `OUTPUT'
Apr 30 16:40:09 Debian-Redes waagent[806]: ]
Apr 30 16:40:09 Debian-Redes waagent[806]: 2023-04-30T16:40:09.878280Z INFO ExtHandler ExtHandler [HEARTBEAT] Agent WALinuxAgent-2.2.47 is running as the goal state agent
Apr 30 17:10:09 Debian-Redes waagent[61774]: iptables v1.8.7 (nf_tables):  CHAIN_ZERO failed (No such file or directory): chain OUTPUT
Apr 30 17:10:09 Debian-Redes waagent[806]: 2023-04-30T17:10:09.930353Z ERROR ExtHandler ExtHandler Command: [iptables -w -t security -L OUTPUT --zero OUTPUT -nxv], return code: [4], result: [Chain OUTPUT (policy ACCEPT 0 packets, 0 bytes)
Apr 30 17:10:09 Debian-Redes waagent[806]:     pkts      bytes target     prot opt in     out     source               destination
Apr 30 17:10:09 Debian-Redes waagent[806]: Zeroing chain `OUTPUT'
Apr 30 17:10:09 Debian-Redes waagent[806]: ]
Apr 30 17:10:09 Debian-Redes waagent[806]: 2023-04-30T17:10:09.944336Z INFO ExtHandler ExtHandler [HEARTBEAT] Agent WALinuxAgent-2.2.47 is running as the goal state agent
Apr 30 17:40:10 Debian-Redes waagent[61978]: iptables v1.8.7 (nf_tables):  CHAIN_ZERO failed (No such file or directory): chain OUTPUT
Apr 30 17:40:10 Debian-Redes waagent[806]: 2023-04-30T17:40:10.053530Z ERROR ExtHandler ExtHandler Command: [iptables -w -t security -L OUTPUT --zero OUTPUT -nxv], return code: [4], result: [Chain OUTPUT (policy ACCEPT 0 packets, 0 bytes)
Apr 30 17:40:10 Debian-Redes waagent[806]:     pkts      bytes target     prot opt in     out     source               destination
Apr 30 17:40:10 Debian-Redes waagent[806]: Zeroing chain `OUTPUT'
Apr 30 17:40:10 Debian-Redes waagent[806]: ]
Apr 30 17:40:10 Debian-Redes waagent[806]: 2023-04-30T17:40:10.066079Z INFO ExtHandler ExtHandler [HEARTBEAT] Agent WALinuxAgent-2.2.47 is running as the goal state agent
Apr 30 18:10:10 Debian-Redes waagent[62266]: iptables v1.8.7 (nf_tables):  CHAIN_ZERO failed (No such file or directory): chain OUTPUT
Apr 30 18:10:10 Debian-Redes waagent[806]: 2023-04-30T18:10:10.954721Z ERROR ExtHandler ExtHandler Command: [iptables -w -t security -L OUTPUT --zero OUTPUT -nxv], return code: [4], result: [Chain OUTPUT (policy ACCEPT 0 packets, 0 bytes)
Apr 30 18:10:10 Debian-Redes waagent[806]:     pkts      bytes target     prot opt in     out     source               destination
Apr 30 18:10:10 Debian-Redes waagent[806]: Zeroing chain `OUTPUT'
Apr 30 18:10:10 Debian-Redes waagent[806]: ]
Apr 30 18:10:10 Debian-Redes waagent[806]: 2023-04-30T18:10:10.967466Z INFO ExtHandler ExtHandler [HEARTBEAT] Agent WALinuxAgent-2.2.47 is running as the goal state agent
Apr 30 18:40:11 Debian-Redes waagent[62473]: iptables v1.8.7 (nf_tables):  CHAIN_ZERO failed (No such file or directory): chain OUTPUT
Apr 30 18:40:11 Debian-Redes waagent[806]: 2023-04-30T18:40:11.071679Z ERROR ExtHandler ExtHandler Command: [iptables -w -t security -L OUTPUT --zero OUTPUT -nxv], return code: [4], result: [Chain OUTPUT (policy ACCEPT 0 packets, 0 bytes)
Apr 30 18:40:11 Debian-Redes waagent[806]:     pkts      bytes target     prot opt in     out     source               destination
Apr 30 18:40:11 Debian-Redes waagent[806]: Zeroing chain `OUTPUT'
Apr 30 18:40:11 Debian-Redes waagent[806]: ]
Apr 30 18:40:11 Debian-Redes waagent[806]: 2023-04-30T18:40:11.086742Z INFO ExtHandler ExtHandler [HEARTBEAT] Agent WALinuxAgent-2.2.47 is running as the goal state agent
Apr 30 19:10:11 Debian-Redes waagent[62728]: iptables v1.8.7 (nf_tables):  CHAIN_ZERO failed (No such file or directory): chain OUTPUT
Apr 30 19:10:11 Debian-Redes waagent[806]: 2023-04-30T19:10:11.146035Z ERROR ExtHandler ExtHandler Command: [iptables -w -t security -L OUTPUT --zero OUTPUT -nxv], return code: [4], result: [Chain OUTPUT (policy ACCEPT 0 packets, 0 bytes)
Apr 30 19:10:11 Debian-Redes waagent[806]:     pkts      bytes target     prot opt in     out     source               destination
Apr 30 19:10:11 Debian-Redes waagent[806]: Zeroing chain `OUTPUT'
Apr 30 19:10:11 Debian-Redes waagent[806]: ]
Apr 30 19:10:11 Debian-Redes waagent[806]: 2023-04-30T19:10:11.159661Z INFO ExtHandler ExtHandler [HEARTBEAT] Agent WALinuxAgent-2.2.47 is running as the goal state agent
Apr 30 19:40:13 Debian-Redes waagent[62939]: iptables v1.8.7 (nf_tables):  CHAIN_ZERO failed (No such file or directory): chain OUTPUT
Apr 30 19:40:13 Debian-Redes waagent[806]: 2023-04-30T19:40:13.955190Z ERROR ExtHandler ExtHandler Command: [iptables -w -t security -L OUTPUT --zero OUTPUT -nxv], return code: [4], result: [Chain OUTPUT (policy ACCEPT 0 packets, 0 bytes)
Apr 30 19:40:13 Debian-Redes waagent[806]:     pkts      bytes target     prot opt in     out     source               destination
Apr 30 19:40:13 Debian-Redes waagent[806]: Zeroing chain `OUTPUT'
Apr 30 19:40:13 Debian-Redes waagent[806]: ]
Apr 30 19:40:13 Debian-Redes waagent[806]: 2023-04-30T19:40:13.970130Z INFO ExtHandler ExtHandler [HEARTBEAT] Agent WALinuxAgent-2.2.47 is running as the goal state agent
Apr 30 20:10:14 Debian-Redes waagent[63330]: iptables v1.8.7 (nf_tables):  CHAIN_ZERO failed (No such file or directory): chain OUTPUT
Apr 30 20:10:14 Debian-Redes waagent[806]: 2023-04-30T20:10:14.457466Z ERROR ExtHandler ExtHandler Command: [iptables -w -t security -L OUTPUT --zero OUTPUT -nxv], return code: [4], result: [Chain OUTPUT (policy ACCEPT 0 packets, 0 bytes)
Apr 30 20:10:14 Debian-Redes waagent[806]:     pkts      bytes target     prot opt in     out     source               destination
Apr 30 20:10:14 Debian-Redes waagent[806]: Zeroing chain `OUTPUT'
Apr 30 20:10:14 Debian-Redes waagent[806]: ]
Apr 30 20:10:14 Debian-Redes waagent[806]: 2023-04-30T20:10:14.470125Z INFO ExtHandler ExtHandler [HEARTBEAT] Agent WALinuxAgent-2.2.47 is running as the goal state agent
Apr 30 20:40:17 Debian-Redes waagent[63535]: iptables v1.8.7 (nf_tables):  CHAIN_ZERO failed (No such file or directory): chain OUTPUT
Apr 30 20:40:17 Debian-Redes waagent[806]: 2023-04-30T20:40:17.391605Z ERROR ExtHandler ExtHandler Command: [iptables -w -t security -L OUTPUT --zero OUTPUT -nxv], return code: [4], result: [Chain OUTPUT (policy ACCEPT 0 packets, 0 bytes)
Apr 30 20:40:17 Debian-Redes waagent[806]:     pkts      bytes target     prot opt in     out     source               destination
Apr 30 20:40:17 Debian-Redes waagent[806]: Zeroing chain `OUTPUT'
Apr 30 20:40:17 Debian-Redes waagent[806]: ]
Apr 30 20:40:17 Debian-Redes waagent[806]: 2023-04-30T20:40:17.404377Z INFO ExtHandler ExtHandler [HEARTBEAT] Agent WALinuxAgent-2.2.47 is running as the goal state agent
Apr 30 21:10:17 Debian-Redes waagent[63847]: iptables v1.8.7 (nf_tables):  CHAIN_ZERO failed (No such file or directory): chain OUTPUT
Apr 30 21:10:17 Debian-Redes waagent[806]: 2023-04-30T21:10:17.883512Z ERROR ExtHandler ExtHandler Command: [iptables -w -t security -L OUTPUT --zero OUTPUT -nxv], return code: [4], result: [Chain OUTPUT (policy ACCEPT 0 packets, 0 bytes)
Apr 30 21:10:17 Debian-Redes waagent[806]:     pkts      bytes target     prot opt in     out     source               destination
Apr 30 21:10:17 Debian-Redes waagent[806]: Zeroing chain `OUTPUT'
Apr 30 21:10:17 Debian-Redes waagent[806]: ]
Apr 30 21:10:17 Debian-Redes waagent[806]: 2023-04-30T21:10:17.895759Z INFO ExtHandler ExtHandler [HEARTBEAT] Agent WALinuxAgent-2.2.47 is running as the goal state agent
Apr 30 21:40:18 Debian-Redes waagent[64195]: iptables v1.8.7 (nf_tables):  CHAIN_ZERO failed (No such file or directory): chain OUTPUT
Apr 30 21:40:18 Debian-Redes waagent[806]: 2023-04-30T21:40:18.350757Z ERROR ExtHandler ExtHandler Command: [iptables -w -t security -L OUTPUT --zero OUTPUT -nxv], return code: [4], result: [Chain OUTPUT (policy ACCEPT 0 packets, 0 bytes)
Apr 30 21:40:18 Debian-Redes waagent[806]:     pkts      bytes target     prot opt in     out     source               destination
Apr 30 21:40:18 Debian-Redes waagent[806]: Zeroing chain `OUTPUT'
Apr 30 21:40:18 Debian-Redes waagent[806]: ]
Apr 30 21:40:18 Debian-Redes waagent[806]: 2023-04-30T21:40:18.364187Z INFO ExtHandler ExtHandler [HEARTBEAT] Agent WALinuxAgent-2.2.47 is running as the goal state agent
Apr 30 22:10:19 Debian-Redes waagent[64457]: iptables v1.8.7 (nf_tables):  CHAIN_ZERO failed (No such file or directory): chain OUTPUT
Apr 30 22:10:19 Debian-Redes waagent[806]: 2023-04-30T22:10:19.295769Z ERROR ExtHandler ExtHandler Command: [iptables -w -t security -L OUTPUT --zero OUTPUT -nxv], return code: [4], result: [Chain OUTPUT (policy ACCEPT 0 packets, 0 bytes)
Apr 30 22:10:19 Debian-Redes waagent[806]:     pkts      bytes target     prot opt in     out     source               destination
Apr 30 22:10:19 Debian-Redes waagent[806]: Zeroing chain `OUTPUT'
Apr 30 22:10:19 Debian-Redes waagent[806]: ]
Apr 30 22:10:19 Debian-Redes waagent[806]: 2023-04-30T22:10:19.309258Z INFO ExtHandler ExtHandler [HEARTBEAT] Agent WALinuxAgent-2.2.47 is running as the goal state agent
Apr 30 22:40:21 Debian-Redes waagent[64734]: iptables v1.8.7 (nf_tables):  CHAIN_ZERO failed (No such file or directory): chain OUTPUT
Apr 30 22:40:21 Debian-Redes waagent[806]: 2023-04-30T22:40:21.744352Z ERROR ExtHandler ExtHandler Command: [iptables -w -t security -L OUTPUT --zero OUTPUT -nxv], return code: [4], result: [Chain OUTPUT (policy ACCEPT 0 packets, 0 bytes)
Apr 30 22:40:21 Debian-Redes waagent[806]:     pkts      bytes target     prot opt in     out     source               destination
Apr 30 22:40:21 Debian-Redes waagent[806]: Zeroing chain `OUTPUT'
Apr 30 22:40:21 Debian-Redes waagent[806]: ]
Apr 30 22:40:21 Debian-Redes waagent[806]: 2023-04-30T22:40:21.757590Z INFO ExtHandler ExtHandler [HEARTBEAT] Agent WALinuxAgent-2.2.47 is running as the goal state agent
Apr 30 23:10:24 Debian-Redes waagent[64999]: iptables v1.8.7 (nf_tables):  CHAIN_ZERO failed (No such file or directory): chain OUTPUT
Apr 30 23:10:24 Debian-Redes waagent[806]: 2023-04-30T23:10:24.571473Z ERROR ExtHandler ExtHandler Command: [iptables -w -t security -L OUTPUT --zero OUTPUT -nxv], return code: [4], result: [Chain OUTPUT (policy ACCEPT 0 packets, 0 bytes)
Apr 30 23:10:24 Debian-Redes waagent[806]:     pkts      bytes target     prot opt in     out     source               destination
Apr 30 23:10:24 Debian-Redes waagent[806]: Zeroing chain `OUTPUT'
Apr 30 23:10:24 Debian-Redes waagent[806]: ]
Apr 30 23:10:24 Debian-Redes waagent[806]: 2023-04-30T23:10:24.584293Z INFO ExtHandler ExtHandler [HEARTBEAT] Agent WALinuxAgent-2.2.47 is running as the goal state agent
Apr 30 23:40:26 Debian-Redes waagent[65284]: iptables v1.8.7 (nf_tables):  CHAIN_ZERO failed (No such file or directory): chain OUTPUT
Apr 30 23:40:26 Debian-Redes waagent[806]: 2023-04-30T23:40:26.812267Z ERROR ExtHandler ExtHandler Command: [iptables -w -t security -L OUTPUT --zero OUTPUT -nxv], return code: [4], result: [Chain OUTPUT (policy ACCEPT 0 packets, 0 bytes)
Apr 30 23:40:26 Debian-Redes waagent[806]:     pkts      bytes target     prot opt in     out     source               destination
Apr 30 23:40:26 Debian-Redes waagent[806]: Zeroing chain `OUTPUT'
Apr 30 23:40:26 Debian-Redes waagent[806]: ]
Apr 30 23:40:26 Debian-Redes waagent[806]: 2023-04-30T23:40:26.825736Z INFO ExtHandler ExtHandler [HEARTBEAT] Agent WALinuxAgent-2.2.47 is running as the goal state agent
May  1 00:10:28 Debian-Redes waagent[65575]: iptables v1.8.7 (nf_tables):  CHAIN_ZERO failed (No such file or directory): chain OUTPUT
May  1 00:10:28 Debian-Redes waagent[806]: 2023-05-01T00:10:28.272056Z ERROR ExtHandler ExtHandler Command: [iptables -w -t security -L OUTPUT --zero OUTPUT -nxv], return code: [4], result: [Chain OUTPUT (policy ACCEPT 0 packets, 0 bytes)
May  1 00:10:28 Debian-Redes waagent[806]:     pkts      bytes target     prot opt in     out     source               destination
May  1 00:10:28 Debian-Redes waagent[806]: Zeroing chain `OUTPUT'
May  1 00:10:28 Debian-Redes waagent[806]: ]
May  1 00:10:28 Debian-Redes waagent[806]: 2023-05-01T00:10:28.286681Z INFO ExtHandler ExtHandler [HEARTBEAT] Agent WALinuxAgent-2.2.47 is running as the goal state agent
May  1 00:40:29 Debian-Redes waagent[65855]: iptables v1.8.7 (nf_tables):  CHAIN_ZERO failed (No such file or directory): chain OUTPUT
May  1 00:40:29 Debian-Redes waagent[806]: 2023-05-01T00:40:29.949072Z ERROR ExtHandler ExtHandler Command: [iptables -w -t security -L OUTPUT --zero OUTPUT -nxv], return code: [4], result: [Chain OUTPUT (policy ACCEPT 0 packets, 0 bytes)
May  1 00:40:29 Debian-Redes waagent[806]:     pkts      bytes target     prot opt in     out     source               destination
May  1 00:40:29 Debian-Redes waagent[806]: Zeroing chain `OUTPUT'
May  1 00:40:29 Debian-Redes waagent[806]: ]
May  1 00:40:29 Debian-Redes waagent[806]: 2023-05-01T00:40:29.963916Z INFO ExtHandler ExtHandler [HEARTBEAT] Agent WALinuxAgent-2.2.47 is running as the goal state agent
May  1 01:10:31 Debian-Redes waagent[66184]: iptables v1.8.7 (nf_tables):  CHAIN_ZERO failed (No such file or directory): chain OUTPUT
May  1 01:10:31 Debian-Redes waagent[806]: 2023-05-01T01:10:31.840636Z ERROR ExtHandler ExtHandler Command: [iptables -w -t security -L OUTPUT --zero OUTPUT -nxv], return code: [4], result: [Chain OUTPUT (policy ACCEPT 0 packets, 0 bytes)
May  1 01:10:31 Debian-Redes waagent[806]:     pkts      bytes target     prot opt in     out     source               destination
May  1 01:10:31 Debian-Redes waagent[806]: Zeroing chain `OUTPUT'
May  1 01:10:31 Debian-Redes waagent[806]: ]
May  1 01:10:31 Debian-Redes waagent[806]: 2023-05-01T01:10:31.855423Z INFO ExtHandler ExtHandler [HEARTBEAT] Agent WALinuxAgent-2.2.47 is running as the goal state agent
May  1 01:40:33 Debian-Redes waagent[66455]: iptables v1.8.7 (nf_tables):  CHAIN_ZERO failed (No such file or directory): chain OUTPUT
May  1 01:40:33 Debian-Redes waagent[806]: 2023-05-01T01:40:33.009111Z ERROR ExtHandler ExtHandler Command: [iptables -w -t security -L OUTPUT --zero OUTPUT -nxv], return code: [4], result: [Chain OUTPUT (policy ACCEPT 0 packets, 0 bytes)
May  1 01:40:33 Debian-Redes waagent[806]:     pkts      bytes target     prot opt in     out     source               destination
May  1 01:40:33 Debian-Redes waagent[806]: Zeroing chain `OUTPUT'
May  1 01:40:33 Debian-Redes waagent[806]: ]
May  1 01:40:33 Debian-Redes waagent[806]: 2023-05-01T01:40:33.023075Z INFO ExtHandler ExtHandler [HEARTBEAT] Agent WALinuxAgent-2.2.47 is running as the goal state agent
May  1 02:10:34 Debian-Redes waagent[66712]: iptables v1.8.7 (nf_tables):  CHAIN_ZERO failed (No such file or directory): chain OUTPUT
May  1 02:10:34 Debian-Redes waagent[806]: 2023-05-01T02:10:34.178421Z ERROR ExtHandler ExtHandler Command: [iptables -w -t security -L OUTPUT --zero OUTPUT -nxv], return code: [4], result: [Chain OUTPUT (policy ACCEPT 0 packets, 0 bytes)
May  1 02:10:34 Debian-Redes waagent[806]:     pkts      bytes target     prot opt in     out     source               destination
May  1 02:10:34 Debian-Redes waagent[806]: Zeroing chain `OUTPUT'
May  1 02:10:34 Debian-Redes waagent[806]: ]
May  1 02:10:34 Debian-Redes waagent[806]: 2023-05-01T02:10:34.192226Z INFO ExtHandler ExtHandler [HEARTBEAT] Agent WALinuxAgent-2.2.47 is running as the goal state agent
May  1 02:40:35 Debian-Redes waagent[66986]: iptables v1.8.7 (nf_tables):  CHAIN_ZERO failed (No such file or directory): chain OUTPUT
May  1 02:40:35 Debian-Redes waagent[806]: 2023-05-01T02:40:35.368110Z ERROR ExtHandler ExtHandler Command: [iptables -w -t security -L OUTPUT --zero OUTPUT -nxv], return code: [4], result: [Chain OUTPUT (policy ACCEPT 0 packets, 0 bytes)
May  1 02:40:35 Debian-Redes waagent[806]:     pkts      bytes target     prot opt in     out     source               destination
May  1 02:40:35 Debian-Redes waagent[806]: Zeroing chain `OUTPUT'
May  1 02:40:35 Debian-Redes waagent[806]: ]
May  1 02:40:35 Debian-Redes waagent[806]: 2023-05-01T02:40:35.381156Z INFO ExtHandler ExtHandler [HEARTBEAT] Agent WALinuxAgent-2.2.47 is running as the goal state agent
May  1 03:10:37 Debian-Redes waagent[67265]: iptables v1.8.7 (nf_tables):  CHAIN_ZERO failed (No such file or directory): chain OUTPUT
May  1 03:10:37 Debian-Redes waagent[806]: 2023-05-01T03:10:37.197219Z ERROR ExtHandler ExtHandler Command: [iptables -w -t security -L OUTPUT --zero OUTPUT -nxv], return code: [4], result: [Chain OUTPUT (policy ACCEPT 0 packets, 0 bytes)
May  1 03:10:37 Debian-Redes waagent[806]:     pkts      bytes target     prot opt in     out     source               destination
May  1 03:10:37 Debian-Redes waagent[806]: Zeroing chain `OUTPUT'
May  1 03:10:37 Debian-Redes waagent[806]: ]
May  1 03:10:37 Debian-Redes waagent[806]: 2023-05-01T03:10:37.208161Z INFO ExtHandler ExtHandler [HEARTBEAT] Agent WALinuxAgent-2.2.47 is running as the goal state agent
May  1 03:40:38 Debian-Redes waagent[67551]: iptables v1.8.7 (nf_tables):  CHAIN_ZERO failed (No such file or directory): chain OUTPUT
May  1 03:40:38 Debian-Redes waagent[806]: 2023-05-01T03:40:38.812164Z ERROR ExtHandler ExtHandler Command: [iptables -w -t security -L OUTPUT --zero OUTPUT -nxv], return code: [4], result: [Chain OUTPUT (policy ACCEPT 0 packets, 0 bytes)
May  1 03:40:38 Debian-Redes waagent[806]:     pkts      bytes target     prot opt in     out     source               destination
May  1 03:40:38 Debian-Redes waagent[806]: Zeroing chain `OUTPUT'
May  1 03:40:38 Debian-Redes waagent[806]: ]
May  1 03:40:38 Debian-Redes waagent[806]: 2023-05-01T03:40:38.825533Z INFO ExtHandler ExtHandler [HEARTBEAT] Agent WALinuxAgent-2.2.47 is running as the goal state agent
May  1 04:10:40 Debian-Redes waagent[67804]: iptables v1.8.7 (nf_tables):  CHAIN_ZERO failed (No such file or directory): chain OUTPUT
May  1 04:10:40 Debian-Redes waagent[806]: 2023-05-01T04:10:40.471643Z ERROR ExtHandler ExtHandler Command: [iptables -w -t security -L OUTPUT --zero OUTPUT -nxv], return code: [4], result: [Chain OUTPUT (policy ACCEPT 0 packets, 0 bytes)
May  1 04:10:40 Debian-Redes waagent[806]:     pkts      bytes target     prot opt in     out     source               destination
May  1 04:10:40 Debian-Redes waagent[806]: Zeroing chain `OUTPUT'
May  1 04:10:40 Debian-Redes waagent[806]: ]
May  1 04:10:40 Debian-Redes waagent[806]: 2023-05-01T04:10:40.484333Z INFO ExtHandler ExtHandler [HEARTBEAT] Agent WALinuxAgent-2.2.47 is running as the goal state agent
May  1 04:40:42 Debian-Redes waagent[68059]: iptables v1.8.7 (nf_tables):  CHAIN_ZERO failed (No such file or directory): chain OUTPUT
May  1 04:40:42 Debian-Redes waagent[806]: 2023-05-01T04:40:42.294791Z ERROR ExtHandler ExtHandler Command: [iptables -w -t security -L OUTPUT --zero OUTPUT -nxv], return code: [4], result: [Chain OUTPUT (policy ACCEPT 0 packets, 0 bytes)
May  1 04:40:42 Debian-Redes waagent[806]:     pkts      bytes target     prot opt in     out     source               destination
May  1 04:40:42 Debian-Redes waagent[806]: Zeroing chain `OUTPUT'
May  1 04:40:42 Debian-Redes waagent[806]: ]
May  1 04:40:42 Debian-Redes waagent[806]: 2023-05-01T04:40:42.309610Z INFO ExtHandler ExtHandler [HEARTBEAT] Agent WALinuxAgent-2.2.47 is running as the goal state agent
May  1 05:10:43 Debian-Redes waagent[68338]: iptables v1.8.7 (nf_tables):  CHAIN_ZERO failed (No such file or directory): chain OUTPUT
May  1 05:10:43 Debian-Redes waagent[806]: 2023-05-01T05:10:43.799949Z ERROR ExtHandler ExtHandler Command: [iptables -w -t security -L OUTPUT --zero OUTPUT -nxv], return code: [4], result: [Chain OUTPUT (policy ACCEPT 0 packets, 0 bytes)
May  1 05:10:43 Debian-Redes waagent[806]:     pkts      bytes target     prot opt in     out     source               destination
May  1 05:10:43 Debian-Redes waagent[806]: Zeroing chain `OUTPUT'
May  1 05:10:43 Debian-Redes waagent[806]: ]
May  1 05:10:43 Debian-Redes waagent[806]: 2023-05-01T05:10:43.813188Z INFO ExtHandler ExtHandler [HEARTBEAT] Agent WALinuxAgent-2.2.47 is running as the goal state agent
May  1 05:40:44 Debian-Redes waagent[68581]: iptables v1.8.7 (nf_tables):  CHAIN_ZERO failed (No such file or directory): chain OUTPUT
May  1 05:40:44 Debian-Redes waagent[806]: 2023-05-01T05:40:44.910936Z ERROR ExtHandler ExtHandler Command: [iptables -w -t security -L OUTPUT --zero OUTPUT -nxv], return code: [4], result: [Chain OUTPUT (policy ACCEPT 0 packets, 0 bytes)
May  1 05:40:44 Debian-Redes waagent[806]:     pkts      bytes target     prot opt in     out     source               destination
May  1 05:40:44 Debian-Redes waagent[806]: Zeroing chain `OUTPUT'
May  1 05:40:44 Debian-Redes waagent[806]: ]
May  1 05:40:44 Debian-Redes waagent[806]: 2023-05-01T05:40:44.927885Z INFO ExtHandler ExtHandler [HEARTBEAT] Agent WALinuxAgent-2.2.47 is running as the goal state agent
May  1 06:10:46 Debian-Redes waagent[68855]: iptables v1.8.7 (nf_tables):  CHAIN_ZERO failed (No such file or directory): chain OUTPUT
May  1 06:10:46 Debian-Redes waagent[806]: 2023-05-01T06:10:46.471254Z ERROR ExtHandler ExtHandler Command: [iptables -w -t security -L OUTPUT --zero OUTPUT -nxv], return code: [4], result: [Chain OUTPUT (policy ACCEPT 0 packets, 0 bytes)
May  1 06:10:46 Debian-Redes waagent[806]:     pkts      bytes target     prot opt in     out     source               destination
May  1 06:10:46 Debian-Redes waagent[806]: Zeroing chain `OUTPUT'
May  1 06:10:46 Debian-Redes waagent[806]: ]
May  1 06:10:46 Debian-Redes waagent[806]: 2023-05-01T06:10:46.485370Z INFO ExtHandler ExtHandler [HEARTBEAT] Agent WALinuxAgent-2.2.47 is running as the goal state agent
May  1 06:40:48 Debian-Redes waagent[69138]: iptables v1.8.7 (nf_tables):  CHAIN_ZERO failed (No such file or directory): chain OUTPUT
May  1 06:40:48 Debian-Redes waagent[806]: 2023-05-01T06:40:48.118211Z ERROR ExtHandler ExtHandler Command: [iptables -w -t security -L OUTPUT --zero OUTPUT -nxv], return code: [4], result: [Chain OUTPUT (policy ACCEPT 0 packets, 0 bytes)
May  1 06:40:48 Debian-Redes waagent[806]:     pkts      bytes target     prot opt in     out     source               destination
May  1 06:40:48 Debian-Redes waagent[806]: Zeroing chain `OUTPUT'
May  1 06:40:48 Debian-Redes waagent[806]: ]
May  1 06:40:48 Debian-Redes waagent[806]: 2023-05-01T06:40:48.131005Z INFO ExtHandler ExtHandler [HEARTBEAT] Agent WALinuxAgent-2.2.47 is running as the goal state agent
May  1 07:01:06 Debian-Redes waagent[734]: 2023-04-27T21:37:26.054017Z INFO Daemon Daemon Azure Linux Agent Version:2.2.47
May  1 07:01:06 Debian-Redes waagent[734]: 2023-04-27T21:37:26.057464Z INFO Daemon Daemon OS: debian 11
May  1 07:01:06 Debian-Redes waagent[734]: 2023-04-27T21:37:26.059915Z INFO Daemon Daemon Python: 3.9.2
May  1 07:01:06 Debian-Redes waagent[734]: 2023-04-27T21:37:26.062638Z INFO Daemon Daemon Run daemon
May  1 07:01:06 Debian-Redes waagent[734]: 2023-04-27T21:37:26.064932Z INFO Daemon Daemon No RDMA handler exists for distro='Debian GNU/Linux' version='11'
May  1 07:01:06 Debian-Redes waagent[734]: 2023-04-27T21:37:26.074339Z INFO Daemon Daemon cloud-init is enabled: True
May  1 07:01:06 Debian-Redes waagent[734]: 2023-04-27T21:37:26.077392Z INFO Daemon Daemon Using cloud-init for provisioning
May  1 07:01:06 Debian-Redes waagent[734]: 2023-04-27T21:37:26.085688Z INFO Daemon Daemon cloud-init is enabled: True
May  1 07:01:06 Debian-Redes waagent[734]: 2023-04-27T21:37:26.088679Z INFO Daemon Daemon Using cloud-init for provisioning
May  1 07:01:06 Debian-Redes waagent[734]: 2023-04-27T21:37:26.091873Z INFO Daemon Daemon Clean protocol and wireserver endpoint
May  1 07:01:06 Debian-Redes waagent[734]: 2023-04-27T21:37:26.109223Z INFO Daemon Daemon Provisioning already completed, skipping.
May  1 07:01:06 Debian-Redes waagent[734]: 2023-04-27T21:37:26.117638Z INFO Daemon Daemon Detect protocol endpoints
May  1 07:01:06 Debian-Redes waagent[734]: 2023-04-27T21:37:26.125011Z INFO Daemon Daemon Clean protocol and wireserver endpoint
May  1 07:01:06 Debian-Redes waagent[734]: 2023-04-27T21:37:26.133022Z INFO Daemon Daemon WireServer endpoint is not found. Rerun dhcp handler
May  1 07:01:06 Debian-Redes waagent[734]: 2023-04-27T21:37:26.141113Z INFO Daemon Daemon Test for route to 168.63.129.16
May  1 07:01:06 Debian-Redes waagent[734]: 2023-04-27T21:37:26.161129Z INFO Daemon Daemon Route to 168.63.129.16 exists
May  1 07:01:06 Debian-Redes waagent[734]: 2023-04-27T21:37:26.169269Z INFO Daemon Daemon Wire server endpoint:168.63.129.16
May  1 07:01:06 Debian-Redes waagent[734]: 2023-04-27T21:37:26.194414Z INFO Daemon Daemon Fabric preferred wire protocol version:2015-04-05
May  1 07:01:06 Debian-Redes waagent[734]: 2023-04-27T21:37:26.202747Z INFO Daemon Daemon Wire protocol version:2012-11-30
May  1 07:01:06 Debian-Redes waagent[734]: 2023-04-27T21:37:26.207490Z INFO Daemon Daemon Server preferred version:2015-04-05
May  1 07:01:06 Debian-Redes waagent[734]: 2023-04-27T21:37:26.450457Z INFO Daemon Daemon Initializing goal state during protocol detection
May  1 07:01:06 Debian-Redes waagent[734]: 2023-04-27T21:37:26.463652Z INFO Daemon Daemon Fetching new goal state [incarnation 1 (force update)]
May  1 07:01:06 Debian-Redes waagent[734]: 2023-04-27T21:37:26.483018Z INFO Daemon Daemon Fetch goal state completed
May  1 07:01:06 Debian-Redes waagent[734]: 2023-04-27T21:37:26.524435Z WARNING Daemon Daemon Could not mount cgroups: [Errno 1] Operation not permitted: '/sys/fs/cgroup/cpu,cpuacct' -> '/sys/fs/cgroup/cpu'
May  1 07:01:06 Debian-Redes waagent[734]: 2023-04-27T21:37:26.537118Z INFO Daemon Daemon CGroups Status: [Errno 1] Operation not permitted: '/sys/fs/cgroup/cpu,cpuacct' -> '/sys/fs/cgroup/cpu'
May  1 07:01:06 Debian-Redes waagent[734]: 2023-04-27T21:37:26.546502Z INFO Daemon Daemon RDMA capabilities are not enabled, skipping
May  1 07:01:06 Debian-Redes waagent[734]: 2023-04-27T21:37:26.557112Z INFO Daemon Daemon Installed Agent WALinuxAgent-2.2.47 is the most current agent
May  1 07:01:06 Debian-Redes waagent[734]: 2023-04-27T21:52:26.803683Z INFO Daemon Daemon Agent WALinuxAgent-2.2.47 launched with command 'python3 -u /usr/sbin/waagent -run-exthandlers' is successfully running
May  1 07:01:06 Debian-Redes waagent[734]: 2023-05-01T07:01:06.422207Z INFO Daemon Daemon Agent WALinuxAgent-2.2.47 forwarding signal 15 to WALinuxAgent-2.2.47
May  1 22:38:06 Debian-Redes kernel: [    0.000000] Linux version 5.10.0-22-cloud-amd64 (debian-kernel@lists.debian.org) (gcc-10 (Debian 10.2.1-6) 10.2.1 20210110, GNU ld (GNU Binutils for Debian) 2.35.2) #1 SMP Debian 5.10.178-3 (2023-04-22)
May  1 22:38:06 Debian-Redes kernel: [    0.000000] Command line: BOOT_IMAGE=/boot/vmlinuz-5.10.0-22-cloud-amd64 root=UUID=d54d130a-3be4-4d55-8045-2c312dadce3a ro console=tty0 console=ttyS0,115200 earlyprintk=ttyS0,115200 consoleblank=0
May  1 22:38:06 Debian-Redes kernel: [    0.000000] x86/fpu: Supporting XSAVE feature 0x001: 'x87 floating point registers'
May  1 22:38:06 Debian-Redes kernel: [    0.000000] x86/fpu: Supporting XSAVE feature 0x002: 'SSE registers'
May  1 22:38:06 Debian-Redes kernel: [    0.000000] x86/fpu: Supporting XSAVE feature 0x004: 'AVX registers'
May  1 22:38:06 Debian-Redes kernel: [    0.000000] x86/fpu: Supporting XSAVE feature 0x020: 'AVX-512 opmask'
May  1 22:38:06 Debian-Redes kernel: [    0.000000] x86/fpu: Supporting XSAVE feature 0x040: 'AVX-512 Hi256'
May  1 22:38:06 Debian-Redes kernel: [    0.000000] x86/fpu: Supporting XSAVE feature 0x080: 'AVX-512 ZMM_Hi256'
May  1 22:38:06 Debian-Redes kernel: [    0.000000] x86/fpu: xstate_offset[2]:  576, xstate_sizes[2]:  256
May  1 22:38:06 Debian-Redes kernel: [    0.000000] x86/fpu: xstate_offset[5]:  832, xstate_sizes[5]:   64
May  1 22:38:06 Debian-Redes kernel: [    0.000000] x86/fpu: xstate_offset[6]:  896, xstate_sizes[6]:  512
May  1 22:38:06 Debian-Redes kernel: [    0.000000] x86/fpu: xstate_offset[7]: 1408, xstate_sizes[7]: 1024
May  1 22:38:06 Debian-Redes kernel: [    0.000000] x86/fpu: Enabled xstate features 0xe7, context size is 2432 bytes, using 'compacted' format.
May  1 22:38:06 Debian-Redes kernel: [    0.000000] BIOS-provided physical RAM map:
May  1 22:38:06 Debian-Redes kernel: [    0.000000] BIOS-e820: [mem 0x0000000000000000-0x000000000009ffff] usable
May  1 22:38:06 Debian-Redes kernel: [    0.000000] BIOS-e820: [mem 0x00000000000c0000-0x00000000000fffff] reserved
May  1 22:38:06 Debian-Redes kernel: [    0.000000] BIOS-e820: [mem 0x0000000000100000-0x000000003ff40fff] usable
May  1 22:38:06 Debian-Redes kernel: [    0.000000] BIOS-e820: [mem 0x000000003ff41000-0x000000003ff70fff] type 20
May  1 22:38:06 Debian-Redes kernel: [    0.000000] BIOS-e820: [mem 0x000000003ff71000-0x000000003ffc8fff] reserved
May  1 22:38:06 Debian-Redes kernel: [    0.000000] BIOS-e820: [mem 0x000000003ffc9000-0x000000003fffafff] ACPI data
May  1 22:38:06 Debian-Redes kernel: [    0.000000] BIOS-e820: [mem 0x000000003fffb000-0x000000003fffefff] ACPI NVS
May  1 22:38:06 Debian-Redes kernel: [    0.000000] BIOS-e820: [mem 0x000000003ffff000-0x000000003fffffff] usable
May  1 22:38:06 Debian-Redes kernel: [    0.000000] printk: bootconsole [earlyser0] enabled
May  1 22:38:06 Debian-Redes kernel: [    0.000000] NX (Execute Disable) protection: active
May  1 22:38:06 Debian-Redes kernel: [    0.000000] efi: EFI v2.70 by Microsoft
May  1 22:38:06 Debian-Redes kernel: [    0.000000] efi: ACPI=0x3fffa000 ACPI 2.0=0x3fffa014 SMBIOS=0x3ff85000 SMBIOS 3.0=0x3ff83000 MEMATTR=0x3f5c3a98 
May  1 22:38:06 Debian-Redes kernel: [    0.000000] secureboot: Secure boot disabled
May  1 22:38:06 Debian-Redes kernel: [    0.000000] SMBIOS 3.1.0 present.
May  1 22:38:06 Debian-Redes kernel: [    0.000000] DMI: Microsoft Corporation Virtual Machine/Virtual Machine, BIOS Hyper-V UEFI Release v4.1 05/09/2022
May  1 22:38:06 Debian-Redes kernel: [    0.000000] Hypervisor detected: Microsoft Hyper-V
May  1 22:38:06 Debian-Redes kernel: [    0.000000] Hyper-V: features 0x2e7f, hints 0x60c2c, misc 0xed7b2
May  1 22:38:06 Debian-Redes kernel: [    0.000000] Hyper-V Host Build:20348-10.0-1-0.1381
May  1 22:38:06 Debian-Redes kernel: [    0.000000] Hyper-V: LAPIC Timer Frequency: 0xc3500
May  1 22:38:06 Debian-Redes kernel: [    0.000000] Hyper-V: Using hypercall for remote TLB flush
May  1 22:38:06 Debian-Redes kernel: [    0.000000] clocksource: hyperv_clocksource_tsc_page: mask: 0xffffffffffffffff max_cycles: 0x24e6a1710, max_idle_ns: 440795202120 ns
May  1 22:38:06 Debian-Redes kernel: [    0.000001] tsc: Marking TSC unstable due to running on Hyper-V
May  1 22:38:06 Debian-Redes kernel: [    0.003023] tsc: Detected 2593.906 MHz processor
May  1 22:38:06 Debian-Redes kernel: [    0.005431] last_pfn = 0x40000 max_arch_pfn = 0x400000000
May  1 22:38:06 Debian-Redes kernel: [    0.008153] x86/PAT: Configuration [0-7]: WB  WC  UC- UC  WB  WP  UC- WT  
May  1 22:38:06 Debian-Redes kernel: [    0.013161] Using GB pages for direct mapping
May  1 22:38:06 Debian-Redes kernel: [    0.017612] RAMDISK: [mem 0x365f9000-0x372f3fff]
May  1 22:38:06 Debian-Redes kernel: [    0.019972] ACPI: Early table checksum verification disabled
May  1 22:38:06 Debian-Redes kernel: [    0.023007] ACPI: RSDP 0x000000003FFFA014 000024 (v02 VRTUAL)
May  1 22:38:06 Debian-Redes kernel: [    0.025824] ACPI: XSDT 0x000000003FFF90E8 000064 (v01 VRTUAL MICROSFT 00000001 MSFT 00000001)
May  1 22:38:06 Debian-Redes kernel: [    0.030492] ACPI: FACP 0x000000003FFF8000 000114 (v06 VRTUAL MICROSFT 00000001 MSFT 00000001)
May  1 22:38:06 Debian-Redes kernel: [    0.034392] ACPI: DSDT 0x000000003FFD6000 01E184 (v02 MSFTVM DSDT01   00000001 MSFT 05000000)
May  1 22:38:06 Debian-Redes kernel: [    0.038206] ACPI: FACS 0x000000003FFFE000 000040
May  1 22:38:06 Debian-Redes kernel: [    0.040272] ACPI: OEM0 0x000000003FFF7000 000064 (v01 VRTUAL MICROSFT 00000001 MSFT 00000001)
May  1 22:38:06 Debian-Redes kernel: [    0.044064] ACPI: SPCR 0x000000003FFF6000 000050 (v02 VRTUAL MICROSFT 00000001 MSFT 00000001)
May  1 22:38:06 Debian-Redes kernel: [    0.047983] ACPI: WAET 0x000000003FFF5000 000028 (v01 VRTUAL MICROSFT 00000001 MSFT 00000001)
May  1 22:38:06 Debian-Redes kernel: [    0.052240] ACPI: APIC 0x000000003FFD5000 000050 (v04 VRTUAL MICROSFT 00000001 MSFT 00000001)
May  1 22:38:06 Debian-Redes kernel: [    0.056625] ACPI: SRAT 0x000000003FFD4000 000158 (v02 VRTUAL MICROSFT 00000001 MSFT 00000001)
May  1 22:38:06 Debian-Redes kernel: [    0.060920] ACPI: BGRT 0x000000003FFD3000 000038 (v01 VRTUAL MICROSFT 00000001 MSFT 00000001)
May  1 22:38:06 Debian-Redes kernel: [    0.065254] ACPI: FPDT 0x000000003FFD2000 000034 (v01 VRTUAL MICROSFT 00000001 MSFT 00000001)
May  1 22:38:06 Debian-Redes kernel: [    0.069480] ACPI: Reserving FACP table memory at [mem 0x3fff8000-0x3fff8113]
May  1 22:38:06 Debian-Redes kernel: [    0.072884] ACPI: Reserving DSDT table memory at [mem 0x3ffd6000-0x3fff4183]
May  1 22:38:06 Debian-Redes kernel: [    0.076656] ACPI: Reserving FACS table memory at [mem 0x3fffe000-0x3fffe03f]
May  1 22:38:06 Debian-Redes kernel: [    0.080177] ACPI: Reserving OEM0 table memory at [mem 0x3fff7000-0x3fff7063]
May  1 22:38:06 Debian-Redes kernel: [    0.083655] ACPI: Reserving SPCR table memory at [mem 0x3fff6000-0x3fff604f]
May  1 22:38:06 Debian-Redes kernel: [    0.087073] ACPI: Reserving WAET table memory at [mem 0x3fff5000-0x3fff5027]
May  1 22:38:06 Debian-Redes kernel: [    0.090611] ACPI: Reserving APIC table memory at [mem 0x3ffd5000-0x3ffd504f]
May  1 22:38:06 Debian-Redes kernel: [    0.094261] ACPI: Reserving SRAT table memory at [mem 0x3ffd4000-0x3ffd4157]
May  1 22:38:06 Debian-Redes kernel: [    0.097815] ACPI: Reserving BGRT table memory at [mem 0x3ffd3000-0x3ffd3037]
May  1 22:38:06 Debian-Redes kernel: [    0.101204] ACPI: Reserving FPDT table memory at [mem 0x3ffd2000-0x3ffd2033]
May  1 22:38:06 Debian-Redes kernel: [    0.104856] SRAT: PXM 0 -> APIC 0x00 -> Node 0
May  1 22:38:06 Debian-Redes kernel: [    0.107027] ACPI: SRAT: Node 0 PXM 0 [mem 0x00000000-0x3fffffff] hotplug
May  1 22:38:06 Debian-Redes kernel: [    0.110547] ACPI: SRAT: Node 0 PXM 0 [mem 0x100000000-0xfdfffffff] hotplug
May  1 22:38:06 Debian-Redes kernel: [    0.116655] ACPI: SRAT: Node 0 PXM 0 [mem 0x1000000000-0xffffffffff] hotplug
May  1 22:38:06 Debian-Redes kernel: [    0.120150] ACPI: SRAT: Node 0 PXM 0 [mem 0x10000200000-0x1ffffffffff] hotplug
May  1 22:38:06 Debian-Redes kernel: [    0.123763] ACPI: SRAT: Node 0 PXM 0 [mem 0x20000200000-0x3ffffffffff] hotplug
May  1 22:38:06 Debian-Redes kernel: [    0.127727] ACPI: SRAT: Node 0 PXM 0 [mem 0x40000200000-0x7ffffffffff] hotplug
May  1 22:38:06 Debian-Redes kernel: [    0.131311] ACPI: SRAT: Node 0 PXM 0 [mem 0x80000200000-0xfffffffffff] hotplug
May  1 22:38:06 Debian-Redes kernel: [    0.134922] NODE_DATA(0) allocated [mem 0x3fbd3000-0x3fbfcfff]
May  1 22:38:06 Debian-Redes kernel: [    0.139376] Zone ranges:
May  1 22:38:06 Debian-Redes kernel: [    0.140794]   DMA      [mem 0x0000000000001000-0x0000000000ffffff]
May  1 22:38:06 Debian-Redes kernel: [    0.143906]   DMA32    [mem 0x0000000001000000-0x000000003fffffff]
May  1 22:38:06 Debian-Redes kernel: [    0.147102]   Normal   empty
May  1 22:38:06 Debian-Redes kernel: [    0.148485]   Device   empty
May  1 22:38:06 Debian-Redes kernel: [    0.149959] Movable zone start for each node
May  1 22:38:06 Debian-Redes kernel: [    0.152073] Early memory node ranges
May  1 22:38:06 Debian-Redes kernel: [    0.153799]   node   0: [mem 0x0000000000001000-0x000000000009ffff]
May  1 22:38:06 Debian-Redes kernel: [    0.157207]   node   0: [mem 0x0000000000100000-0x000000003ff40fff]
May  1 22:38:06 Debian-Redes kernel: [    0.160362]   node   0: [mem 0x000000003ffff000-0x000000003fffffff]
May  1 22:38:06 Debian-Redes kernel: [    0.163469] Initmem setup node 0 [mem 0x0000000000001000-0x000000003fffffff]
May  1 22:38:06 Debian-Redes kernel: [    0.167115] On node 0, zone DMA: 1 pages in unavailable ranges
May  1 22:38:06 Debian-Redes kernel: [    0.167169] On node 0, zone DMA: 96 pages in unavailable ranges
May  1 22:38:06 Debian-Redes kernel: [    0.170866] On node 0, zone DMA32: 190 pages in unavailable ranges
May  1 22:38:06 Debian-Redes kernel: [    0.174121] ACPI: PM-Timer IO Port: 0x408
May  1 22:38:06 Debian-Redes kernel: [    0.179128] ACPI: LAPIC_NMI (acpi_id[0x01] dfl dfl lint[0x1])
May  1 22:38:06 Debian-Redes kernel: [    0.182372] IOAPIC[0]: apic_id 1, version 17, address 0xfec00000, GSI 0-23
May  1 22:38:06 Debian-Redes kernel: [    0.185911] ACPI: INT_SRC_OVR (bus 0 bus_irq 9 global_irq 9 high level)
May  1 22:38:06 Debian-Redes kernel: [    0.189390] Using ACPI (MADT) for SMP configuration information
May  1 22:38:06 Debian-Redes kernel: [    0.192416] ACPI: SPCR: console: uart,io,0x3f8,115200
May  1 22:38:06 Debian-Redes kernel: [    0.194907] smpboot: Allowing 1 CPUs, 0 hotplug CPUs
May  1 22:38:06 Debian-Redes kernel: [    0.197451] PM: hibernation: Registered nosave memory: [mem 0x00000000-0x00000fff]
May  1 22:38:06 Debian-Redes kernel: [    0.201161] PM: hibernation: Registered nosave memory: [mem 0x000a0000-0x000bffff]
May  1 22:38:06 Debian-Redes kernel: [    0.205178] PM: hibernation: Registered nosave memory: [mem 0x000c0000-0x000fffff]
May  1 22:38:06 Debian-Redes kernel: [    0.209475] PM: hibernation: Registered nosave memory: [mem 0x3ff41000-0x3ff70fff]
May  1 22:38:06 Debian-Redes kernel: [    0.213369] PM: hibernation: Registered nosave memory: [mem 0x3ff71000-0x3ffc8fff]
May  1 22:38:06 Debian-Redes kernel: [    0.217742] PM: hibernation: Registered nosave memory: [mem 0x3ffc9000-0x3fffafff]
May  1 22:38:06 Debian-Redes kernel: [    0.224034] PM: hibernation: Registered nosave memory: [mem 0x3fffb000-0x3fffefff]
May  1 22:38:06 Debian-Redes kernel: [    0.227897] [mem 0x40000000-0xffffffff] available for PCI devices
May  1 22:38:06 Debian-Redes kernel: [    0.231096] Booting paravirtualized kernel on Hyper-V
May  1 22:38:06 Debian-Redes kernel: [    0.233762] clocksource: refined-jiffies: mask: 0xffffffff max_cycles: 0xffffffff, max_idle_ns: 7645519600211568 ns
May  1 22:38:06 Debian-Redes kernel: [    0.243170] setup_percpu: NR_CPUS:8192 nr_cpumask_bits:1 nr_cpu_ids:1 nr_node_ids:1
May  1 22:38:06 Debian-Redes kernel: [    0.247683] percpu: Embedded 63 pages/cpu s221184 r8192 d28672 u2097152
May  1 22:38:06 Debian-Redes kernel: [    0.251148] Hyper-V: PV spinlocks enabled
May  1 22:38:06 Debian-Redes kernel: [    0.253127] PV qspinlock hash table entries: 256 (order: 0, 4096 bytes, linear)
May  1 22:38:06 Debian-Redes kernel: [    0.256743] Built 1 zonelists, mobility grouping on.  Total pages: 256416
May  1 22:38:06 Debian-Redes kernel: [    0.260041] Policy zone: DMA32
May  1 22:38:06 Debian-Redes kernel: [    0.261597] Kernel command line: BOOT_IMAGE=/boot/vmlinuz-5.10.0-22-cloud-amd64 root=UUID=d54d130a-3be4-4d55-8045-2c312dadce3a ro console=tty0 console=ttyS0,115200 earlyprintk=ttyS0,115200 consoleblank=0
May  1 22:38:06 Debian-Redes kernel: [    0.271300] Dentry cache hash table entries: 131072 (order: 8, 1048576 bytes, linear)
May  1 22:38:06 Debian-Redes kernel: [    0.275274] Inode-cache hash table entries: 65536 (order: 7, 524288 bytes, linear)
May  1 22:38:06 Debian-Redes kernel: [    0.279278] mem auto-init: stack:off, heap alloc:on, heap free:off
May  1 22:38:06 Debian-Redes kernel: [    0.294093] Memory: 253620K/1047428K available (12296K kernel code, 2551K rwdata, 6944K rodata, 2468K init, 3724K bss, 143704K reserved, 0K cma-reserved)
May  1 22:38:06 Debian-Redes kernel: [    0.301587] SLUB: HWalign=64, Order=0-3, MinObjects=0, CPUs=1, Nodes=1
May  1 22:38:06 Debian-Redes kernel: [    0.304759] Kernel/User page tables isolation: enabled
May  1 22:38:06 Debian-Redes kernel: [    0.307323] ftrace: allocating 33862 entries in 133 pages
May  1 22:38:06 Debian-Redes kernel: [    0.328039] ftrace: allocated 133 pages with 3 groups
May  1 22:38:06 Debian-Redes kernel: [    0.333060] rcu: Hierarchical RCU implementation.
May  1 22:38:06 Debian-Redes kernel: [    0.335362] rcu: 	RCU restricting CPUs from NR_CPUS=8192 to nr_cpu_ids=1.
May  1 22:38:06 Debian-Redes kernel: [    0.339085] 	Rude variant of Tasks RCU enabled.
May  1 22:38:06 Debian-Redes kernel: [    0.341318] 	Tracing variant of Tasks RCU enabled.
May  1 22:38:06 Debian-Redes kernel: [    0.343695] rcu: RCU calculated value of scheduler-enlistment delay is 25 jiffies.
May  1 22:38:06 Debian-Redes kernel: [    0.347626] rcu: Adjusting geometry for rcu_fanout_leaf=16, nr_cpu_ids=1
May  1 22:38:06 Debian-Redes kernel: [    0.354918] Using NULL legacy PIC
May  1 22:38:06 Debian-Redes kernel: [    0.356806] NR_IRQS: 524544, nr_irqs: 256, preallocated irqs: 0
May  1 22:38:06 Debian-Redes kernel: [    0.360079] random: crng init done
May  1 22:38:06 Debian-Redes kernel: [    0.361902] Console: colour dummy device 80x25
May  1 22:38:06 Debian-Redes kernel: [    0.364272] printk: console [tty0] enabled
May  1 22:38:06 Debian-Redes kernel: [    0.366486] printk: console [ttyS0] enabled
May  1 22:38:06 Debian-Redes kernel: [    0.370747] printk: bootconsole [earlyser0] disabled
May  1 22:38:06 Debian-Redes kernel: [    0.375846] ACPI: Core revision 20200925
May  1 22:38:06 Debian-Redes kernel: [    0.378129] Failed to register legacy timer interrupt
May  1 22:38:06 Debian-Redes kernel: [    0.380646] APIC: Switch to symmetric I/O mode setup
May  1 22:38:06 Debian-Redes kernel: [    0.383260] Hyper-V: Using IPI hypercalls
May  1 22:38:06 Debian-Redes kernel: [    0.385355] Hyper-V: Using enlightened APIC (xapic mode)
May  1 22:38:06 Debian-Redes kernel: [    0.385431] Calibrating delay loop (skipped), value calculated using timer frequency.. 5187.81 BogoMIPS (lpj=10375624)
May  1 22:38:06 Debian-Redes kernel: [    0.389428] pid_max: default: 32768 minimum: 301
May  1 22:38:06 Debian-Redes kernel: [    0.389428] LSM: Security Framework initializing
May  1 22:38:06 Debian-Redes kernel: [    0.389428] Yama: disabled by default; enable with sysctl kernel.yama.*
May  1 22:38:06 Debian-Redes kernel: [    0.389428] AppArmor: AppArmor initialized
May  1 22:38:06 Debian-Redes kernel: [    0.389428] TOMOYO Linux initialized
May  1 22:38:06 Debian-Redes kernel: [    0.389428] Mount-cache hash table entries: 2048 (order: 2, 16384 bytes, linear)
May  1 22:38:06 Debian-Redes kernel: [    0.389428] Mountpoint-cache hash table entries: 2048 (order: 2, 16384 bytes, linear)
May  1 22:38:06 Debian-Redes kernel: [    0.389428] Last level iTLB entries: 4KB 64, 2MB 8, 4MB 8
May  1 22:38:06 Debian-Redes kernel: [    0.389428] Last level dTLB entries: 4KB 64, 2MB 0, 4MB 0, 1GB 4
May  1 22:38:06 Debian-Redes kernel: [    0.389428] Spectre V1 : Mitigation: usercopy/swapgs barriers and __user pointer sanitization
May  1 22:38:06 Debian-Redes kernel: [    0.389428] Spectre V2 : Mitigation: Retpolines
May  1 22:38:06 Debian-Redes kernel: [    0.389428] Spectre V2 : Spectre v2 / SpectreRSB mitigation: Filling RSB on context switch
May  1 22:38:06 Debian-Redes kernel: [    0.389428] Spectre V2 : Spectre v2 / SpectreRSB : Filling RSB on VMEXIT
May  1 22:38:06 Debian-Redes kernel: [    0.389428] RETBleed: Vulnerable
May  1 22:38:06 Debian-Redes kernel: [    0.389428] Speculative Store Bypass: Vulnerable
May  1 22:38:06 Debian-Redes kernel: [    0.389428] MDS: Mitigation: Clear CPU buffers
May  1 22:38:06 Debian-Redes kernel: [    0.389428] TAA: Mitigation: Clear CPU buffers
May  1 22:38:06 Debian-Redes kernel: [    0.389428] MMIO Stale Data: Vulnerable: Clear CPU buffers attempted, no microcode
May  1 22:38:06 Debian-Redes kernel: [    0.389428] Freeing SMP alternatives memory: 32K
May  1 22:38:06 Debian-Redes kernel: [    0.389428] smpboot: CPU0: Intel(R) Xeon(R) Platinum 8272CL CPU @ 2.60GHz (family: 0x6, model: 0x55, stepping: 0x7)
May  1 22:38:06 Debian-Redes kernel: [    0.389553] Performance Events: unsupported p6 CPU model 85 no PMU driver, software events only.
May  1 22:38:06 Debian-Redes kernel: [    0.393469] rcu: Hierarchical SRCU implementation.
May  1 22:38:06 Debian-Redes kernel: [    0.396424] NMI watchdog: Perf NMI watchdog permanently disabled
May  1 22:38:06 Debian-Redes kernel: [    0.397473] smp: Bringing up secondary CPUs ...
May  1 22:38:06 Debian-Redes kernel: [    0.399770] smp: Brought up 1 node, 1 CPU
May  1 22:38:06 Debian-Redes kernel: [    0.401434] smpboot: Max logical packages: 1
May  1 22:38:06 Debian-Redes kernel: [    0.403659] smpboot: Total of 1 processors activated (5187.81 BogoMIPS)
May  1 22:38:06 Debian-Redes kernel: [    0.407839] node 0 deferred pages initialised in 0ms
May  1 22:38:06 Debian-Redes kernel: [    0.409581] devtmpfs: initialized
May  1 22:38:06 Debian-Redes kernel: [    0.411290] x86/mm: Memory block size: 128MB
May  1 22:38:06 Debian-Redes kernel: [    0.413617] PM: Registering ACPI NVS region [mem 0x3fffb000-0x3fffefff] (16384 bytes)
May  1 22:38:06 Debian-Redes kernel: [    0.417471] clocksource: jiffies: mask: 0xffffffff max_cycles: 0xffffffff, max_idle_ns: 7645041785100000 ns
May  1 22:38:06 Debian-Redes kernel: [    0.421441] futex hash table entries: 256 (order: 2, 16384 bytes, linear)
May  1 22:38:06 Debian-Redes kernel: [    0.425104] NET: Registered protocol family 16
May  1 22:38:06 Debian-Redes kernel: [    0.425536] DMA: preallocated 128 KiB GFP_KERNEL pool for atomic allocations
May  1 22:38:06 Debian-Redes kernel: [    0.429103] DMA: preallocated 128 KiB GFP_KERNEL|GFP_DMA pool for atomic allocations
May  1 22:38:06 Debian-Redes kernel: [    0.429456] DMA: preallocated 128 KiB GFP_KERNEL|GFP_DMA32 pool for atomic allocations
May  1 22:38:06 Debian-Redes kernel: [    0.433440] audit: initializing netlink subsys (disabled)
May  1 22:38:06 Debian-Redes kernel: [    0.436313] thermal_sys: Registered thermal governor 'fair_share'
May  1 22:38:06 Debian-Redes kernel: [    0.436314] thermal_sys: Registered thermal governor 'bang_bang'
May  1 22:38:06 Debian-Redes kernel: [    0.437438] thermal_sys: Registered thermal governor 'step_wise'
May  1 22:38:06 Debian-Redes kernel: [    0.440523] thermal_sys: Registered thermal governor 'user_space'
May  1 22:38:06 Debian-Redes kernel: [    0.441444] audit: type=2000 audit(1682980666.048:1): state=initialized audit_enabled=0 res=1
May  1 22:38:06 Debian-Redes kernel: [    0.445435] thermal_sys: Registered thermal governor 'power_allocator'
May  1 22:38:06 Debian-Redes kernel: [    0.445448] cpuidle: using governor ladder
May  1 22:38:06 Debian-Redes kernel: [    0.449433] cpuidle: using governor menu
May  1 22:38:06 Debian-Redes kernel: [    0.451221] ACPI: bus type PCI registered
May  1 22:38:06 Debian-Redes kernel: [    0.452986] acpiphp: ACPI Hot Plug PCI Controller Driver version: 0.5
May  1 22:38:06 Debian-Redes kernel: [    0.454066] Kprobes globally optimized
May  1 22:38:06 Debian-Redes kernel: [    0.456110] HugeTLB registered 1.00 GiB page size, pre-allocated 0 pages
May  1 22:38:06 Debian-Redes kernel: [    0.457434] HugeTLB registered 2.00 MiB page size, pre-allocated 0 pages
May  1 22:38:06 Debian-Redes kernel: [    0.575469] ACPI: Added _OSI(Module Device)
May  1 22:38:06 Debian-Redes kernel: [    0.577434] ACPI: Added _OSI(Processor Device)
May  1 22:38:06 Debian-Redes kernel: [    0.580148] ACPI: Added _OSI(3.0 _SCP Extensions)
May  1 22:38:06 Debian-Redes kernel: [    0.581431] ACPI: Added _OSI(Processor Aggregator Device)
May  1 22:38:06 Debian-Redes kernel: [    0.584576] ACPI: Added _OSI(Linux-Dell-Video)
May  1 22:38:06 Debian-Redes kernel: [    0.585433] ACPI: Added _OSI(Linux-Lenovo-NV-HDMI-Audio)
May  1 22:38:06 Debian-Redes kernel: [    0.588298] ACPI: Added _OSI(Linux-HPI-Hybrid-Graphics)
May  1 22:38:06 Debian-Redes kernel: [    0.594872] ACPI: 1 ACPI AML tables successfully acquired and loaded
May  1 22:38:06 Debian-Redes kernel: [    0.598130] ACPI: Interpreter enabled
May  1 22:38:06 Debian-Redes kernel: [    0.600147] ACPI: (supports S0 S5)
May  1 22:38:06 Debian-Redes kernel: [    0.601432] ACPI: Using IOAPIC for interrupt routing
May  1 22:38:06 Debian-Redes kernel: [    0.604259] PCI: Using host bridge windows from ACPI; if necessary, use "pci=nocrs" and report a bug
May  1 22:38:06 Debian-Redes kernel: [    0.605489] ACPI: Enabled 1 GPEs in block 00 to 0F
May  1 22:38:06 Debian-Redes kernel: [    0.608718] iommu: Default domain type: Translated 
May  1 22:38:06 Debian-Redes kernel: [    0.609461] vgaarb: loaded
May  1 22:38:06 Debian-Redes kernel: [    0.611011] Registered efivars operations
May  1 22:38:06 Debian-Redes kernel: [    0.613170] NetLabel: Initializing
May  1 22:38:06 Debian-Redes kernel: [    0.613432] NetLabel:  domain hash size = 128
May  1 22:38:06 Debian-Redes kernel: [    0.615992] NetLabel:  protocols = UNLABELED CIPSOv4 CALIPSO
May  1 22:38:06 Debian-Redes kernel: [    0.617449] NetLabel:  unlabeled traffic allowed by default
May  1 22:38:06 Debian-Redes kernel: [    0.620286] PCI: Using ACPI for IRQ routing
May  1 22:38:06 Debian-Redes kernel: [    0.621431] PCI: System does not support PCI
May  1 22:38:06 Debian-Redes kernel: [    0.623695] clocksource: Switched to clocksource hyperv_clocksource_tsc_page
May  1 22:38:06 Debian-Redes kernel: [    0.637517] VFS: Disk quotas dquot_6.6.0
May  1 22:38:06 Debian-Redes kernel: [    0.639746] VFS: Dquot-cache hash table entries: 512 (order 0, 4096 bytes)
May  1 22:38:06 Debian-Redes kernel: [    0.643519] AppArmor: AppArmor Filesystem Enabled
May  1 22:38:06 Debian-Redes kernel: [    0.646133] pnp: PnP ACPI init
May  1 22:38:06 Debian-Redes kernel: [    0.647807] pnp: PnP ACPI: found 3 devices
May  1 22:38:06 Debian-Redes kernel: [    0.655129] clocksource: acpi_pm: mask: 0xffffff max_cycles: 0xffffff, max_idle_ns: 2085701024 ns
May  1 22:38:06 Debian-Redes kernel: [    0.662875] NET: Registered protocol family 2
May  1 22:38:06 Debian-Redes kernel: [    0.665179] IP idents hash table entries: 16384 (order: 5, 131072 bytes, linear)
May  1 22:38:06 Debian-Redes kernel: [    0.670259] tcp_listen_portaddr_hash hash table entries: 512 (order: 1, 8192 bytes, linear)
May  1 22:38:06 Debian-Redes kernel: [    0.674682] TCP established hash table entries: 8192 (order: 4, 65536 bytes, linear)
May  1 22:38:06 Debian-Redes kernel: [    0.678730] TCP bind hash table entries: 8192 (order: 5, 131072 bytes, linear)
May  1 22:38:06 Debian-Redes kernel: [    0.682317] TCP: Hash tables configured (established 8192 bind 8192)
May  1 22:38:06 Debian-Redes kernel: [    0.685582] UDP hash table entries: 512 (order: 2, 16384 bytes, linear)
May  1 22:38:06 Debian-Redes kernel: [    0.689008] UDP-Lite hash table entries: 512 (order: 2, 16384 bytes, linear)
May  1 22:38:06 Debian-Redes kernel: [    0.692790] NET: Registered protocol family 1
May  1 22:38:06 Debian-Redes kernel: [    0.694978] NET: Registered protocol family 44
May  1 22:38:06 Debian-Redes kernel: [    0.697269] PCI: CLS 0 bytes, default 64
May  1 22:38:06 Debian-Redes kernel: [    0.699291] Trying to unpack rootfs image as initramfs...
May  1 22:38:06 Debian-Redes kernel: [    0.879524] Freeing initrd memory: 13292K
May  1 22:38:06 Debian-Redes kernel: [    0.882268] PCI-DMA: Using software bounce buffering for IO (SWIOTLB)
May  1 22:38:06 Debian-Redes kernel: [    0.885635] software IO TLB: mapped [mem 0x000000003a400000-0x000000003e400000] (64MB)
May  1 22:38:06 Debian-Redes kernel: [    0.890064] Initialise system trusted keyrings
May  1 22:38:06 Debian-Redes kernel: [    0.892334] Key type blacklist registered
May  1 22:38:06 Debian-Redes kernel: [    0.894516] workingset: timestamp_bits=36 max_order=18 bucket_order=0
May  1 22:38:06 Debian-Redes kernel: [    0.898946] zbud: loaded
May  1 22:38:06 Debian-Redes kernel: [    0.900613] Key type asymmetric registered
May  1 22:38:06 Debian-Redes kernel: [    0.902697] Asymmetric key parser 'x509' registered
May  1 22:38:06 Debian-Redes kernel: [    0.905264] Block layer SCSI generic (bsg) driver version 0.4 loaded (major 252)
May  1 22:38:06 Debian-Redes kernel: [    0.909354] io scheduler mq-deadline registered
May  1 22:38:06 Debian-Redes kernel: [    0.912126] efifb: probing for efifb
May  1 22:38:06 Debian-Redes kernel: [    0.914230] efifb: framebuffer at 0x40000000, using 3072k, total 3072k
May  1 22:38:06 Debian-Redes kernel: [    0.917687] efifb: mode is 1024x768x32, linelength=4096, pages=1
May  1 22:38:06 Debian-Redes kernel: [    0.920790] efifb: scrolling: redraw
May  1 22:38:06 Debian-Redes kernel: [    0.922669] efifb: Truecolor: size=8:8:8:8, shift=24:16:8:0
May  1 22:38:06 Debian-Redes kernel: [    0.927405] Console: switching to colour frame buffer device 128x48
May  1 22:38:06 Debian-Redes kernel: [    0.931874] fb0: EFI VGA frame buffer device
May  1 22:38:06 Debian-Redes kernel: [    0.934193] Serial: 8250/16550 driver, 4 ports, IRQ sharing enabled
May  1 22:38:06 Debian-Redes kernel: [    0.937777] 00:00: ttyS0 at I/O 0x3f8 (irq = 4, base_baud = 115200) is a 16550A
May  1 22:38:06 Debian-Redes kernel: [    0.941908] 00:01: ttyS1 at I/O 0x2f8 (irq = 3, base_baud = 115200) is a 16550A
May  1 22:38:06 Debian-Redes kernel: [    0.951075] i8042: PNP: No PS/2 controller found.
May  1 22:38:06 Debian-Redes kernel: [    0.955368] rtc_cmos 00:02: registered as rtc0
May  1 22:38:06 Debian-Redes kernel: [    0.958136] rtc_cmos 00:02: setting system clock to 2023-05-01T22:37:47 UTC (1682980667)
May  1 22:38:06 Debian-Redes kernel: [    0.962489] rtc_cmos 00:02: alarms up to one month, 114 bytes nvram
May  1 22:38:06 Debian-Redes kernel: [    0.965682] intel_pstate: CPU model not supported
May  1 22:38:06 Debian-Redes kernel: [    0.968258] NET: Registered protocol family 10
May  1 22:38:06 Debian-Redes kernel: [    0.976781] Segment Routing with IPv6
May  1 22:38:06 Debian-Redes kernel: [    0.978824] mip6: Mobile IPv6
May  1 22:38:06 Debian-Redes kernel: [    0.980391] NET: Registered protocol family 17
May  1 22:38:06 Debian-Redes kernel: [    0.982689] IPI shorthand broadcast: enabled
May  1 22:38:06 Debian-Redes kernel: [    0.984888] sched_clock: Marking stable (957262200, 25356900)->(1124756400, -142137300)
May  1 22:38:06 Debian-Redes kernel: [    0.989115] registered taskstats version 1
May  1 22:38:06 Debian-Redes kernel: [    0.991292] Loading compiled-in X.509 certificates
May  1 22:38:06 Debian-Redes kernel: [    1.022194] Loaded X.509 cert 'Debian Secure Boot CA: 6ccece7e4c6c0d1f6149f3dd27dfcc5cbb419ea1'
May  1 22:38:06 Debian-Redes kernel: [    1.027397] Loaded X.509 cert 'Debian Secure Boot Signer 2022 - linux: 14011249c2675ea8e5148542202005810584b25f'
May  1 22:38:06 Debian-Redes kernel: [    1.032626] Key type .fscrypt registered
May  1 22:38:06 Debian-Redes kernel: [    1.034726] Key type fscrypt-provisioning registered
May  1 22:38:06 Debian-Redes kernel: [    1.037296] AppArmor: AppArmor sha1 policy hashing enabled
May  1 22:38:06 Debian-Redes kernel: [    1.042099] Freeing unused decrypted memory: 2036K
May  1 22:38:06 Debian-Redes kernel: [    1.046745] Freeing unused kernel image (initmem) memory: 2468K
May  1 22:38:06 Debian-Redes kernel: [    1.050659] Write protecting the kernel read-only data: 22528k
May  1 22:38:06 Debian-Redes kernel: [    1.055029] Freeing unused kernel image (text/rodata gap) memory: 2036K
May  1 22:38:06 Debian-Redes kernel: [    1.061498] Freeing unused kernel image (rodata/data gap) memory: 1248K
May  1 22:38:06 Debian-Redes kernel: [    1.067634] x86/mm: Checked W+X mappings: passed, no W+X pages found.
May  1 22:38:06 Debian-Redes kernel: [    1.072446] x86/mm: Checking user space page tables
May  1 22:38:06 Debian-Redes kernel: [    1.075923] x86/mm: Checked W+X mappings: passed, no W+X pages found.
May  1 22:38:06 Debian-Redes kernel: [    1.079970] Run /init as init process
May  1 22:38:06 Debian-Redes kernel: [    1.151206] hv_vmbus: Vmbus version:4.0
May  1 22:38:06 Debian-Redes kernel: [    1.160772] hv_vmbus: registering driver hv_netvsc
May  1 22:38:06 Debian-Redes kernel: [    1.179772] SCSI subsystem initialized
May  1 22:38:06 Debian-Redes kernel: [    1.190731] hv_vmbus: registering driver hv_storvsc
May  1 22:38:06 Debian-Redes kernel: [    1.199259] scsi host0: storvsc_host_t
May  1 22:38:06 Debian-Redes kernel: [    1.202262] scsi host1: storvsc_host_t
May  1 22:38:06 Debian-Redes kernel: [    1.205660] scsi 0:0:0:0: Direct-Access     Msft     Virtual Disk     1.0  PQ: 0 ANSI: 5
May  1 22:38:06 Debian-Redes kernel: [    1.212784] scsi 0:0:0:1: Direct-Access     Msft     Virtual Disk     1.0  PQ: 0 ANSI: 5
May  1 22:38:06 Debian-Redes kernel: [    1.218869] scsi 0:0:0:2: CD-ROM            Msft     Virtual DVD-ROM  1.0  PQ: 0 ANSI: 0
May  1 22:38:06 Debian-Redes kernel: [    1.241912] sr 0:0:0:2: [sr0] scsi-1 drive
May  1 22:38:06 Debian-Redes kernel: [    1.246031] cdrom: Uniform CD-ROM driver Revision: 3.20
May  1 22:38:06 Debian-Redes kernel: [    1.252631] sd 0:0:0:0: [sda] 62914560 512-byte logical blocks: (32.2 GB/30.0 GiB)
May  1 22:38:06 Debian-Redes kernel: [    1.257283] sd 0:0:0:0: [sda] 4096-byte physical blocks
May  1 22:38:06 Debian-Redes kernel: [    1.260998] sd 0:0:0:1: [sdb] 8388608 512-byte logical blocks: (4.29 GB/4.00 GiB)
May  1 22:38:06 Debian-Redes kernel: [    1.265527] sd 0:0:0:1: [sdb] 4096-byte physical blocks
May  1 22:38:06 Debian-Redes kernel: [    1.269813] sd 0:0:0:1: [sdb] Write Protect is off
May  1 22:38:06 Debian-Redes kernel: [    1.273040] sd 0:0:0:0: [sda] Write Protect is off
May  1 22:38:06 Debian-Redes kernel: [    1.279791] sd 0:0:0:1: [sdb] Write cache: disabled, read cache: enabled, supports DPO and FUA
May  1 22:38:06 Debian-Redes kernel: [    1.284976] sd 0:0:0:0: [sda] Write cache: enabled, read cache: enabled, supports DPO and FUA
May  1 22:38:06 Debian-Redes kernel: [    1.291851]  sdb: sdb1
May  1 22:38:06 Debian-Redes kernel: [    1.295103]  sda: sda1 sda14 sda15
May  1 22:38:06 Debian-Redes kernel: [    1.307911] sd 0:0:0:1: [sdb] Attached SCSI disk
May  1 22:38:06 Debian-Redes kernel: [    1.311973] sd 0:0:0:0: [sda] Attached SCSI disk
May  1 22:38:06 Debian-Redes kernel: [    1.418292] EXT4-fs (sda1): mounted filesystem with ordered data mode. Opts: (null)
May  1 22:38:06 Debian-Redes kernel: [    1.468491] Not activating Mandatory Access Control as /sbin/tomoyo-init does not exist.
May  1 22:38:06 Debian-Redes kernel: [    1.713479] sr 0:0:0:2: [sr0] tag#187 FAILED Result: hostbyte=DID_OK driverbyte=DRIVER_SENSE cmd_age=0s
May  1 22:38:06 Debian-Redes kernel: [    1.720526] sr 0:0:0:2: [sr0] tag#187 Sense Key : Not Ready [current] 
May  1 22:38:06 Debian-Redes kernel: [    1.724775] sr 0:0:0:2: [sr0] tag#187 Add. Sense: Medium not present - tray closed
May  1 22:38:06 Debian-Redes kernel: [    1.729526] sr 0:0:0:2: [sr0] tag#187 CDB: Read(10) 28 00 00 07 ff fc 00 00 02 00
May  1 22:38:06 Debian-Redes kernel: [    1.740423] sr 0:0:0:2: [sr0] tag#188 unaligned transfer
May  1 22:38:06 Debian-Redes kernel: [    1.754693] sr 0:0:0:2: [sr0] tag#189 unaligned transfer
May  1 22:38:06 Debian-Redes kernel: [    1.769943] sr 0:0:0:2: [sr0] tag#190 unaligned transfer
May  1 22:38:06 Debian-Redes kernel: [    1.784832] sr 0:0:0:2: [sr0] tag#128 unaligned transfer
May  1 22:38:06 Debian-Redes kernel: [    1.800152] sr 0:0:0:2: [sr0] tag#129 unaligned transfer
May  1 22:38:06 Debian-Redes kernel: [    1.817756] sr 0:0:0:2: [sr0] tag#130 unaligned transfer
May  1 22:38:06 Debian-Redes kernel: [    1.832696] sr 0:0:0:2: [sr0] tag#131 unaligned transfer
May  1 22:38:06 Debian-Redes kernel: [    1.848367] sr 0:0:0:2: [sr0] tag#132 unaligned transfer
May  1 22:38:06 Debian-Redes kernel: [    1.864638] sr 0:0:0:2: [sr0] tag#133 FAILED Result: hostbyte=DID_OK driverbyte=DRIVER_SENSE cmd_age=0s
May  1 22:38:06 Debian-Redes kernel: [    1.870634] sr 0:0:0:2: [sr0] tag#133 Sense Key : Not Ready [current] 
May  1 22:38:06 Debian-Redes kernel: [    1.874921] sr 0:0:0:2: [sr0] tag#133 Add. Sense: Medium not present - tray closed
May  1 22:38:06 Debian-Redes kernel: [    1.880124] sr 0:0:0:2: [sr0] tag#133 CDB: Read(10) 28 00 00 00 00 00 00 00 02 00
May  1 22:38:06 Debian-Redes kernel: [    1.891556] sr 0:0:0:2: [sr0] tag#134 unaligned transfer
May  1 22:38:06 Debian-Redes kernel: [    1.900313] sr 0:0:0:2: [sr0] tag#135 unaligned transfer
May  1 22:38:06 Debian-Redes kernel: [    1.909654] sr 0:0:0:2: [sr0] tag#136 unaligned transfer
May  1 22:38:06 Debian-Redes kernel: [    1.913954] sr 0:0:0:2: [sr0] tag#137 unaligned transfer
May  1 22:38:06 Debian-Redes kernel: [    1.917911] sr 0:0:0:2: [sr0] tag#138 unaligned transfer
May  1 22:38:06 Debian-Redes kernel: [    1.921957] sr 0:0:0:2: [sr0] tag#139 unaligned transfer
May  1 22:38:06 Debian-Redes kernel: [    1.928251] sr 0:0:0:2: [sr0] tag#140 unaligned transfer
May  1 22:38:06 Debian-Redes kernel: [    1.932077] sr 0:0:0:2: [sr0] tag#141 unaligned transfer
May  1 22:38:06 Debian-Redes kernel: [    1.935973] sr 0:0:0:2: [sr0] tag#142 unaligned transfer
May  1 22:38:06 Debian-Redes kernel: [    1.939863] sr 0:0:0:2: [sr0] tag#143 unaligned transfer
May  1 22:38:06 Debian-Redes kernel: [    1.944107] sr 0:0:0:2: [sr0] tag#144 unaligned transfer
May  1 22:38:06 Debian-Redes kernel: [    1.947863] sr 0:0:0:2: [sr0] tag#145 unaligned transfer
May  1 22:38:06 Debian-Redes kernel: [    1.951698] sr 0:0:0:2: [sr0] tag#146 unaligned transfer
May  1 22:38:06 Debian-Redes kernel: [    1.955723] sr 0:0:0:2: [sr0] tag#147 unaligned transfer
May  1 22:38:06 Debian-Redes kernel: [    1.960383] sr 0:0:0:2: [sr0] tag#148 unaligned transfer
May  1 22:38:06 Debian-Redes kernel: [    1.964479] sr 0:0:0:2: [sr0] tag#149 unaligned transfer
May  1 22:38:06 Debian-Redes kernel: [    1.968603] sr 0:0:0:2: [sr0] tag#150 unaligned transfer
May  1 22:38:06 Debian-Redes kernel: [    1.972269] sr 0:0:0:2: [sr0] tag#151 unaligned transfer
May  1 22:38:06 Debian-Redes kernel: [    1.975773] sr 0:0:0:2: [sr0] tag#152 unaligned transfer
May  1 22:38:06 Debian-Redes kernel: [    1.979269] sr 0:0:0:2: [sr0] tag#153 unaligned transfer
May  1 22:38:06 Debian-Redes kernel: [    1.982705] sr 0:0:0:2: [sr0] tag#154 unaligned transfer
May  1 22:38:06 Debian-Redes kernel: [    1.986030] sr 0:0:0:2: [sr0] tag#155 unaligned transfer
May  1 22:38:06 Debian-Redes kernel: [    1.989586] sr 0:0:0:2: [sr0] tag#156 unaligned transfer
May  1 22:38:06 Debian-Redes kernel: [    1.993175] sr 0:0:0:2: [sr0] tag#157 unaligned transfer
May  1 22:38:06 Debian-Redes kernel: [    1.996730] sr 0:0:0:2: [sr0] tag#158 unaligned transfer
May  1 22:38:06 Debian-Redes kernel: [    2.000209] sr 0:0:0:2: [sr0] tag#159 unaligned transfer
May  1 22:38:06 Debian-Redes kernel: [    2.004318] sr 0:0:0:2: [sr0] tag#160 unaligned transfer
May  1 22:38:06 Debian-Redes kernel: [    2.007652] sr 0:0:0:2: [sr0] tag#161 unaligned transfer
May  1 22:38:06 Debian-Redes kernel: [    2.011051] sr 0:0:0:2: [sr0] tag#162 unaligned transfer
May  1 22:38:06 Debian-Redes kernel: [    2.014476] sr 0:0:0:2: [sr0] tag#163 unaligned transfer
May  1 22:38:06 Debian-Redes kernel: [    2.017768] sr 0:0:0:2: [sr0] tag#164 unaligned transfer
May  1 22:38:06 Debian-Redes kernel: [    2.021137] sr 0:0:0:2: [sr0] tag#165 unaligned transfer
May  1 22:38:06 Debian-Redes kernel: [    2.024488] sr 0:0:0:2: [sr0] tag#166 unaligned transfer
May  1 22:38:06 Debian-Redes kernel: [    2.027777] sr 0:0:0:2: [sr0] tag#167 unaligned transfer
May  1 22:38:06 Debian-Redes kernel: [    2.030977] sr 0:0:0:2: [sr0] tag#168 unaligned transfer
May  1 22:38:06 Debian-Redes kernel: [    2.034292] sr 0:0:0:2: [sr0] tag#169 unaligned transfer
May  1 22:38:06 Debian-Redes kernel: [    2.039567] sr 0:0:0:2: [sr0] tag#170 unaligned transfer
May  1 22:38:06 Debian-Redes kernel: [    2.042833] sr 0:0:0:2: [sr0] tag#171 unaligned transfer
May  1 22:38:06 Debian-Redes kernel: [    2.045922] sr 0:0:0:2: [sr0] tag#172 unaligned transfer
May  1 22:38:06 Debian-Redes kernel: [    2.049235] sr 0:0:0:2: [sr0] tag#173 unaligned transfer
May  1 22:38:06 Debian-Redes kernel: [    2.053797] sr 0:0:0:2: [sr0] tag#174 FAILED Result: hostbyte=DID_OK driverbyte=DRIVER_SENSE cmd_age=0s
May  1 22:38:06 Debian-Redes kernel: [    2.059450] sr 0:0:0:2: [sr0] tag#174 Sense Key : Not Ready [current] 
May  1 22:38:06 Debian-Redes kernel: [    2.063357] sr 0:0:0:2: [sr0] tag#174 Add. Sense: Medium not present - tray closed
May  1 22:38:06 Debian-Redes kernel: [    2.067991] sr 0:0:0:2: [sr0] tag#174 CDB: Read(10) 28 00 00 00 00 00 00 00 02 00
May  1 22:38:06 Debian-Redes kernel: [    2.072617] sr 0:0:0:2: [sr0] tag#175 FAILED Result: hostbyte=DID_OK driverbyte=DRIVER_SENSE cmd_age=0s
May  1 22:38:06 Debian-Redes kernel: [    2.078125] sr 0:0:0:2: [sr0] tag#175 Sense Key : Not Ready [current] 
May  1 22:38:06 Debian-Redes kernel: [    2.081989] sr 0:0:0:2: [sr0] tag#175 Add. Sense: Medium not present - tray closed
May  1 22:38:06 Debian-Redes kernel: [    2.086206] sr 0:0:0:2: [sr0] tag#175 CDB: Read(10) 28 00 00 00 00 00 00 00 02 00
May  1 22:38:06 Debian-Redes kernel: [    2.090453] sr 0:0:0:2: [sr0] tag#176 FAILED Result: hostbyte=DID_OK driverbyte=DRIVER_SENSE cmd_age=0s
May  1 22:38:06 Debian-Redes kernel: [    2.095783] sr 0:0:0:2: [sr0] tag#176 Sense Key : Not Ready [current] 
May  1 22:38:06 Debian-Redes kernel: [    2.100283] sr 0:0:0:2: [sr0] tag#176 Add. Sense: Medium not present - tray closed
May  1 22:38:06 Debian-Redes kernel: [    2.104444] sr 0:0:0:2: [sr0] tag#176 CDB: Read(10) 28 00 00 00 00 00 00 00 02 00
May  1 22:38:06 Debian-Redes kernel: [    2.108933] sr 0:0:0:2: [sr0] tag#177 FAILED Result: hostbyte=DID_OK driverbyte=DRIVER_SENSE cmd_age=0s
May  1 22:38:06 Debian-Redes kernel: [    2.114233] sr 0:0:0:2: [sr0] tag#177 Sense Key : Not Ready [current] 
May  1 22:38:06 Debian-Redes kernel: [    2.117953] sr 0:0:0:2: [sr0] tag#177 Add. Sense: Medium not present - tray closed
May  1 22:38:06 Debian-Redes kernel: [    2.122310] sr 0:0:0:2: [sr0] tag#177 CDB: Read(10) 28 00 00 00 00 00 00 00 02 00
May  1 22:38:06 Debian-Redes kernel: [    2.126759] sr 0:0:0:2: [sr0] tag#178 FAILED Result: hostbyte=DID_OK driverbyte=DRIVER_SENSE cmd_age=0s
May  1 22:38:06 Debian-Redes kernel: [    2.132121] sr 0:0:0:2: [sr0] tag#178 Sense Key : Not Ready [current] 
May  1 22:38:06 Debian-Redes kernel: [    2.135980] sr 0:0:0:2: [sr0] tag#178 Add. Sense: Medium not present - tray closed
May  1 22:38:06 Debian-Redes kernel: [    2.140374] sr 0:0:0:2: [sr0] tag#178 CDB: Read(10) 28 00 00 00 00 00 00 00 02 00
May  1 22:38:06 Debian-Redes kernel: [    2.149719] sr 0:0:0:2: [sr0] tag#179 FAILED Result: hostbyte=DID_OK driverbyte=DRIVER_SENSE cmd_age=0s
May  1 22:38:06 Debian-Redes kernel: [    2.149721] sr 0:0:0:2: [sr0] tag#179 Sense Key : Not Ready [current] 
May  1 22:38:06 Debian-Redes kernel: [    2.149723] sr 0:0:0:2: [sr0] tag#179 Add. Sense: Medium not present - tray closed
May  1 22:38:06 Debian-Redes kernel: [    2.149725] sr 0:0:0:2: [sr0] tag#179 CDB: Read(10) 28 00 00 00 00 00 00 00 02 00
May  1 22:38:06 Debian-Redes kernel: [    2.168803] sr 0:0:0:2: [sr0] tag#180 FAILED Result: hostbyte=DID_OK driverbyte=DRIVER_SENSE cmd_age=0s
May  1 22:38:06 Debian-Redes kernel: [    2.174118] sr 0:0:0:2: [sr0] tag#180 Sense Key : Not Ready [current] 
May  1 22:38:06 Debian-Redes kernel: [    2.178054] sr 0:0:0:2: [sr0] tag#180 Add. Sense: Medium not present - tray closed
May  1 22:38:06 Debian-Redes kernel: [    2.181959] sr 0:0:0:2: [sr0] tag#180 CDB: Read(10) 28 00 00 00 00 00 00 00 02 00
May  1 22:38:06 Debian-Redes kernel: [    2.185941] sr 0:0:0:2: [sr0] tag#181 unaligned transfer
May  1 22:38:06 Debian-Redes kernel: [    2.188882] sr 0:0:0:2: [sr0] tag#182 unaligned transfer
May  1 22:38:06 Debian-Redes kernel: [    2.191835] sr 0:0:0:2: [sr0] tag#183 unaligned transfer
May  1 22:38:06 Debian-Redes kernel: [    2.196014] sr 0:0:0:2: [sr0] tag#184 unaligned transfer
May  1 22:38:06 Debian-Redes kernel: [    2.199294] sr 0:0:0:2: [sr0] tag#185 unaligned transfer
May  1 22:38:06 Debian-Redes kernel: [    2.202615] sr 0:0:0:2: [sr0] tag#186 unaligned transfer
May  1 22:38:06 Debian-Redes kernel: [    2.206080] sr 0:0:0:2: [sr0] tag#187 unaligned transfer
May  1 22:38:06 Debian-Redes kernel: [    2.209597] sr 0:0:0:2: [sr0] tag#188 unaligned transfer
May  1 22:38:06 Debian-Redes kernel: [    2.213043] sr 0:0:0:2: [sr0] tag#189 FAILED Result: hostbyte=DID_OK driverbyte=DRIVER_SENSE cmd_age=0s
May  1 22:38:06 Debian-Redes kernel: [    2.218459] sr 0:0:0:2: [sr0] tag#189 Sense Key : Not Ready [current] 
May  1 22:38:06 Debian-Redes kernel: [    2.222428] sr 0:0:0:2: [sr0] tag#189 Add. Sense: Medium not present - tray closed
May  1 22:38:06 Debian-Redes kernel: [    2.227171] sr 0:0:0:2: [sr0] tag#189 CDB: Read(10) 28 00 00 00 00 00 00 00 02 00
May  1 22:38:06 Debian-Redes kernel: [    2.236803] sr 0:0:0:2: [sr0] tag#152 unaligned transfer
May  1 22:38:06 Debian-Redes kernel: [    2.241129] sr 0:0:0:2: [sr0] tag#153 unaligned transfer
May  1 22:38:06 Debian-Redes kernel: [    2.244755] sr 0:0:0:2: [sr0] tag#154 unaligned transfer
May  1 22:38:06 Debian-Redes kernel: [    2.248223] sr 0:0:0:2: [sr0] tag#155 unaligned transfer
May  1 22:38:06 Debian-Redes kernel: [    2.251598] sr 0:0:0:2: [sr0] tag#156 unaligned transfer
May  1 22:38:06 Debian-Redes kernel: [    2.255072] sr 0:0:0:2: [sr0] tag#157 unaligned transfer
May  1 22:38:06 Debian-Redes kernel: [    2.261799] sr 0:0:0:2: [sr0] tag#158 unaligned transfer
May  1 22:38:06 Debian-Redes kernel: [    2.265150] sr 0:0:0:2: [sr0] tag#159 unaligned transfer
May  1 22:38:06 Debian-Redes kernel: [    2.275951] sr 0:0:0:2: [sr0] tag#190 unaligned transfer
May  1 22:38:06 Debian-Redes kernel: [    2.279350] sr 0:0:0:2: [sr0] tag#191 unaligned transfer
May  1 22:38:06 Debian-Redes kernel: [    2.282627] sr 0:0:0:2: [sr0] tag#128 unaligned transfer
May  1 22:38:06 Debian-Redes kernel: [    2.285896] sr 0:0:0:2: [sr0] tag#129 unaligned transfer
May  1 22:38:06 Debian-Redes kernel: [    2.289944] sr 0:0:0:2: [sr0] tag#130 unaligned transfer
May  1 22:38:06 Debian-Redes kernel: [    2.293322] sr 0:0:0:2: [sr0] tag#131 unaligned transfer
May  1 22:38:06 Debian-Redes kernel: [    2.296538] sr 0:0:0:2: [sr0] tag#132 unaligned transfer
May  1 22:38:06 Debian-Redes kernel: [    2.299888] sr 0:0:0:2: [sr0] tag#133 unaligned transfer
May  1 22:38:06 Debian-Redes kernel: [    2.309477] sr 0:0:0:2: [sr0] tag#151 unaligned transfer
May  1 22:38:06 Debian-Redes kernel: [    2.313072] sr 0:0:0:2: [sr0] tag#152 unaligned transfer
May  1 22:38:06 Debian-Redes kernel: [    2.316262] sr 0:0:0:2: [sr0] tag#153 unaligned transfer
May  1 22:38:06 Debian-Redes kernel: [    2.319547] sr 0:0:0:2: [sr0] tag#154 unaligned transfer
May  1 22:38:06 Debian-Redes kernel: [    2.322745] sr 0:0:0:2: [sr0] tag#155 unaligned transfer
May  1 22:38:06 Debian-Redes kernel: [    2.325877] sr 0:0:0:2: [sr0] tag#156 unaligned transfer
May  1 22:38:06 Debian-Redes kernel: [    2.329033] sr 0:0:0:2: [sr0] tag#157 unaligned transfer
May  1 22:38:06 Debian-Redes kernel: [    2.332165] sr 0:0:0:2: [sr0] tag#158 unaligned transfer
May  1 22:38:06 Debian-Redes kernel: [    2.338626] sr 0:0:0:2: [sr0] tag#168 unaligned transfer
May  1 22:38:06 Debian-Redes kernel: [    2.342394] sr 0:0:0:2: [sr0] tag#169 unaligned transfer
May  1 22:38:06 Debian-Redes kernel: [    2.345506] sr 0:0:0:2: [sr0] tag#170 unaligned transfer
May  1 22:38:06 Debian-Redes kernel: [    2.348612] sr 0:0:0:2: [sr0] tag#171 unaligned transfer
May  1 22:38:06 Debian-Redes kernel: [    2.352036] sr 0:0:0:2: [sr0] tag#172 unaligned transfer
May  1 22:38:06 Debian-Redes kernel: [    2.355184] sr 0:0:0:2: [sr0] tag#173 unaligned transfer
May  1 22:38:06 Debian-Redes kernel: [    2.358281] sr 0:0:0:2: [sr0] tag#174 unaligned transfer
May  1 22:38:06 Debian-Redes kernel: [    2.361848] sr 0:0:0:2: [sr0] tag#175 unaligned transfer
May  1 22:38:06 Debian-Redes kernel: [    2.373380] sr 0:0:0:2: [sr0] tag#138 unaligned transfer
May  1 22:38:06 Debian-Redes kernel: [    2.376768] sr 0:0:0:2: [sr0] tag#139 unaligned transfer
May  1 22:38:06 Debian-Redes kernel: [    2.379928] sr 0:0:0:2: [sr0] tag#140 unaligned transfer
May  1 22:38:06 Debian-Redes kernel: [    2.383808] sr 0:0:0:2: [sr0] tag#141 unaligned transfer
May  1 22:38:06 Debian-Redes kernel: [    2.387128] sr 0:0:0:2: [sr0] tag#142 unaligned transfer
May  1 22:38:06 Debian-Redes kernel: [    2.390308] sr 0:0:0:2: [sr0] tag#143 unaligned transfer
May  1 22:38:06 Debian-Redes kernel: [    2.393460] sr 0:0:0:2: [sr0] tag#144 unaligned transfer
May  1 22:38:06 Debian-Redes kernel: [    2.396584] sr 0:0:0:2: [sr0] tag#145 unaligned transfer
May  1 22:38:06 Debian-Redes kernel: [    2.778632] fuse: init (API version 7.32)
May  1 22:38:06 Debian-Redes kernel: [    2.836889] EXT4-fs (sda1): re-mounted. Opts: discard,errors=remount-ro
May  1 22:38:06 Debian-Redes kernel: [    3.020848] EXT4-fs (sda1): resizing filesystem from 7831547 to 7831547 blocks
May  1 22:38:06 Debian-Redes kernel: [    3.432687] pstore: Using crash dump compression: deflate
May  1 22:38:06 Debian-Redes kernel: [    3.443034] pstore: Registered efi as persistent store backend
May  1 22:38:06 Debian-Redes kernel: [    3.476838] hv_vmbus: registering driver hv_balloon
May  1 22:38:06 Debian-Redes kernel: [    3.481627] hv_vmbus: registering driver hyperv_fb
May  1 22:38:06 Debian-Redes kernel: [    3.485912] pps_core: LinuxPPS API ver. 1 registered
May  1 22:38:06 Debian-Redes kernel: [    3.490053] pps_core: Software ver. 5.3.6 - Copyright 2005-2007 Rodolfo Giometti <giometti@linux.it>
May  1 22:38:06 Debian-Redes kernel: [    3.496161] hyperv_fb: Synthvid Version major 3, minor 5
May  1 22:38:06 Debian-Redes kernel: [    3.500940] PTP clock support registered
May  1 22:38:06 Debian-Redes kernel: [    3.505280] hyperv_fb: Screen resolution: 1024x768, Color depth: 32, Frame buffer size: 8388608
May  1 22:38:06 Debian-Redes kernel: [    3.522834] hv_vmbus: registering driver hyperv_keyboard
May  1 22:38:06 Debian-Redes kernel: [    3.527350] hv_utils: Registering HyperV Utility Driver
May  1 22:38:06 Debian-Redes kernel: [    3.530843] hv_vmbus: registering driver hv_utils
May  1 22:38:06 Debian-Redes kernel: [    3.540763] sd 0:0:0:0: Attached scsi generic sg0 type 0
May  1 22:38:06 Debian-Redes kernel: [    3.547883] RAPL PMU: API unit is 2^-32 Joules, 0 fixed counters, 10737418240 ms ovfl timer
May  1 22:38:06 Debian-Redes kernel: [    3.561700] hv_balloon: Using Dynamic Memory protocol version 2.0
May  1 22:38:06 Debian-Redes kernel: [    3.566521] input: AT Translated Set 2 keyboard as /devices/LNXSYSTM:00/LNXSYBUS:00/ACPI0004:00/VMBUS:00/d34b2567-b9b6-42b9-8778-0a4ec0b955bf/serio0/input/input0
May  1 22:38:06 Debian-Redes kernel: [    3.576016] sd 0:0:0:1: Attached scsi generic sg1 type 0
May  1 22:38:06 Debian-Redes kernel: [    3.582345] fb0: switching to hyperv_fb from EFI VGA
May  1 22:38:06 Debian-Redes kernel: [    3.609693] sr 0:0:0:2: Attached scsi generic sg2 type 5
May  1 22:38:06 Debian-Redes kernel: [    3.613319] hv_utils: Heartbeat IC version 3.0
May  1 22:38:06 Debian-Redes kernel: [    3.617134] hv_utils: Shutdown IC version 3.2
May  1 22:38:06 Debian-Redes kernel: [    3.620150] hv_utils: TimeSync IC version 4.0
May  1 22:38:06 Debian-Redes kernel: [    3.633034] Console: switching to colour dummy device 80x25
May  1 22:38:06 Debian-Redes kernel: [    3.646107] Console: switching to colour frame buffer device 128x48
May  1 22:38:06 Debian-Redes kernel: [    3.694264] cryptd: max_cpu_qlen set to 1000
May  1 22:38:06 Debian-Redes kernel: [    4.420849] AVX2 version of gcm_enc/dec engaged.
May  1 22:38:06 Debian-Redes kernel: [    4.423490] AES CTR mode by8 optimization enabled
May  1 22:38:06 Debian-Redes kernel: [    4.540309] hv_utils: KVP IC version 4.0
May  1 22:38:06 Debian-Redes kernel: [    4.794223] EXT4-fs (sdb1): mounted filesystem with ordered data mode. Opts: (null)
May  1 22:38:06 Debian-Redes kernel: [    4.965056] audit: type=1400 audit(1682980674.517:2): apparmor="STATUS" operation="profile_load" profile="unconfined" name="/usr/sbin/chronyd" pid=369 comm="apparmor_parser"
May  1 22:38:06 Debian-Redes kernel: [    4.982058] audit: type=1400 audit(1682980674.537:3): apparmor="STATUS" operation="profile_load" profile="unconfined" name="nvidia_modprobe" pid=371 comm="apparmor_parser"
May  1 22:38:06 Debian-Redes kernel: [    5.004985] audit: type=1400 audit(1682980674.537:4): apparmor="STATUS" operation="profile_load" profile="unconfined" name="nvidia_modprobe//kmod" pid=371 comm="apparmor_parser"
May  1 22:38:06 Debian-Redes kernel: [    5.121216] audit: type=1400 audit(1682980674.557:5): apparmor="STATUS" operation="profile_load" profile="unconfined" name="tcpdump" pid=373 comm="apparmor_parser"
May  1 22:38:06 Debian-Redes kernel: [    5.129246] audit: type=1400 audit(1682980674.673:6): apparmor="STATUS" operation="profile_load" profile="unconfined" name="/usr/bin/man" pid=374 comm="apparmor_parser"
May  1 22:38:06 Debian-Redes kernel: [    5.144783] audit: type=1400 audit(1682980674.673:7): apparmor="STATUS" operation="profile_load" profile="unconfined" name="man_filter" pid=374 comm="apparmor_parser"
May  1 22:38:06 Debian-Redes kernel: [    5.156445] audit: type=1400 audit(1682980674.673:8): apparmor="STATUS" operation="profile_load" profile="unconfined" name="man_groff" pid=374 comm="apparmor_parser"
May  1 22:38:06 Debian-Redes kernel: [    5.164677] audit: type=1400 audit(1682980674.693:9): apparmor="STATUS" operation="profile_load" profile="unconfined" name="lsb_release" pid=375 comm="apparmor_parser"
May  1 22:38:06 Debian-Redes kernel: [    5.483700] IPv6: ADDRCONF(NETDEV_CHANGE): eth0: link becomes ready
May  1 22:38:06 Debian-Redes kernel: [    7.557929] scsi_io_completion_action: 109 callbacks suppressed
May  1 22:38:06 Debian-Redes kernel: [    7.557934] sr 0:0:0:2: [sr0] tag#248 FAILED Result: hostbyte=DID_OK driverbyte=DRIVER_SENSE cmd_age=5s
May  1 22:38:06 Debian-Redes kernel: [    7.567720] sr 0:0:0:2: [sr0] tag#248 Sense Key : Not Ready [current] 
May  1 22:38:06 Debian-Redes kernel: [    7.571850] sr 0:0:0:2: [sr0] tag#248 Add. Sense: Medium not present - tray closed
May  1 22:38:06 Debian-Redes kernel: [    7.576464] sr 0:0:0:2: [sr0] tag#248 CDB: Read(10) 28 00 00 07 ff fc 00 00 02 00
May  1 22:38:06 Debian-Redes kernel: [    7.583319] print_req_error: 205 callbacks suppressed
May  1 22:38:06 Debian-Redes kernel: [    7.594151] sr 0:0:0:2: [sr0] tag#250 unaligned transfer
May  1 22:38:06 Debian-Redes kernel: [    7.604369] buffer_io_error: 966 callbacks suppressed
May  1 22:38:06 Debian-Redes kernel: [    8.291069] sr 0:0:0:2: [sr0] tag#320 unaligned transfer
May  1 22:38:06 Debian-Redes kernel: [    8.306508] sr 0:0:0:2: [sr0] tag#321 unaligned transfer
May  1 22:38:06 Debian-Redes kernel: [    8.321657] sr 0:0:0:2: [sr0] tag#322 unaligned transfer
May  1 22:38:06 Debian-Redes kernel: [    8.336429] sr 0:0:0:2: [sr0] tag#324 unaligned transfer
May  1 22:38:06 Debian-Redes kernel: [    8.354076] sr 0:0:0:2: [sr0] tag#52 unaligned transfer
May  1 22:38:06 Debian-Redes kernel: [    8.369195] sr 0:0:0:2: [sr0] tag#54 unaligned transfer
May  1 22:38:06 Debian-Redes kernel: [    8.383730] sr 0:0:0:2: [sr0] tag#55 unaligned transfer
May  1 22:38:06 Debian-Redes kernel: [    8.398628] sr 0:0:0:2: [sr0] tag#56 FAILED Result: hostbyte=DID_OK driverbyte=DRIVER_SENSE cmd_age=0s
May  1 22:38:06 Debian-Redes kernel: [    8.404391] sr 0:0:0:2: [sr0] tag#56 Sense Key : Not Ready [current] 
May  1 22:38:06 Debian-Redes kernel: [    8.408724] sr 0:0:0:2: [sr0] tag#56 Add. Sense: Medium not present - tray closed
May  1 22:38:06 Debian-Redes kernel: [    8.413514] sr 0:0:0:2: [sr0] tag#56 CDB: Read(10) 28 00 00 00 00 00 00 00 02 00
May  1 22:38:06 Debian-Redes kernel: [    9.100780] sr 0:0:0:2: [sr0] tag#57 unaligned transfer
May  1 22:38:06 Debian-Redes kernel: [    9.115390] sr 0:0:0:2: [sr0] tag#4 unaligned transfer
May  1 22:38:06 Debian-Redes kernel: [    9.124458] sr 0:0:0:2: [sr0] tag#12 unaligned transfer
May  1 22:38:06 Debian-Redes kernel: [    9.128490] sr 0:0:0:2: [sr0] tag#16 unaligned transfer
May  1 22:38:06 Debian-Redes kernel: [    9.132751] sr 0:0:0:2: [sr0] tag#24 unaligned transfer
May  1 22:38:06 Debian-Redes kernel: [    9.136690] sr 0:0:0:2: [sr0] tag#30 unaligned transfer
May  1 22:38:06 Debian-Redes kernel: [    9.140912] sr 0:0:0:2: [sr0] tag#33 unaligned transfer
May  1 22:38:06 Debian-Redes kernel: [    9.144349] sr 0:0:0:2: [sr0] tag#36 unaligned transfer
May  1 22:38:06 Debian-Redes kernel: [    9.148919] sr 0:0:0:2: [sr0] tag#39 unaligned transfer
May  1 22:38:06 Debian-Redes kernel: [    9.152440] sr 0:0:0:2: [sr0] tag#42 unaligned transfer
May  1 22:38:06 Debian-Redes kernel: [    9.155824] sr 0:0:0:2: [sr0] tag#45 unaligned transfer
May  1 22:38:06 Debian-Redes kernel: [    9.159395] sr 0:0:0:2: [sr0] tag#48 unaligned transfer
May  1 22:38:06 Debian-Redes kernel: [    9.162765] sr 0:0:0:2: [sr0] tag#51 unaligned transfer
May  1 22:38:06 Debian-Redes kernel: [    9.166221] sr 0:0:0:2: [sr0] tag#54 unaligned transfer
May  1 22:38:06 Debian-Redes kernel: [    9.169628] sr 0:0:0:2: [sr0] tag#57 unaligned transfer
May  1 22:38:06 Debian-Redes kernel: [    9.172874] sr 0:0:0:2: [sr0] tag#60 unaligned transfer
May  1 22:38:06 Debian-Redes kernel: [    9.176224] sr 0:0:0:2: [sr0] tag#0 unaligned transfer
May  1 22:38:06 Debian-Redes kernel: [    9.179522] sr 0:0:0:2: [sr0] tag#3 unaligned transfer
May  1 22:38:06 Debian-Redes kernel: [    9.182850] sr 0:0:0:2: [sr0] tag#6 unaligned transfer
May  1 22:38:06 Debian-Redes kernel: [    9.186054] sr 0:0:0:2: [sr0] tag#11 unaligned transfer
May  1 22:38:06 Debian-Redes kernel: [    9.189514] sr 0:0:0:2: [sr0] tag#16 unaligned transfer
May  1 22:38:06 Debian-Redes kernel: [    9.192781] sr 0:0:0:2: [sr0] tag#21 unaligned transfer
May  1 22:38:06 Debian-Redes kernel: [    9.195953] sr 0:0:0:2: [sr0] tag#26 unaligned transfer
May  1 22:38:06 Debian-Redes kernel: [    9.199121] sr 0:0:0:2: [sr0] tag#31 unaligned transfer
May  1 22:38:06 Debian-Redes kernel: [    9.202285] sr 0:0:0:2: [sr0] tag#36 unaligned transfer
May  1 22:38:06 Debian-Redes kernel: [    9.205657] sr 0:0:0:2: [sr0] tag#41 unaligned transfer
May  1 22:38:06 Debian-Redes kernel: [    9.208882] sr 0:0:0:2: [sr0] tag#46 unaligned transfer
May  1 22:38:06 Debian-Redes kernel: [    9.212247] sr 0:0:0:2: [sr0] tag#51 unaligned transfer
May  1 22:38:06 Debian-Redes kernel: [    9.215397] sr 0:0:0:2: [sr0] tag#56 unaligned transfer
May  1 22:38:06 Debian-Redes kernel: [    9.218588] sr 0:0:0:2: [sr0] tag#63 unaligned transfer
May  1 22:38:06 Debian-Redes kernel: [    9.224089] sr 0:0:0:2: [sr0] tag#4 unaligned transfer
May  1 22:38:06 Debian-Redes kernel: [    9.227177] sr 0:0:0:2: [sr0] tag#9 unaligned transfer
May  1 22:38:06 Debian-Redes kernel: [    9.230253] sr 0:0:0:2: [sr0] tag#14 unaligned transfer
May  1 22:38:06 Debian-Redes kernel: [    9.233328] sr 0:0:0:2: [sr0] tag#19 unaligned transfer
May  1 22:38:06 Debian-Redes kernel: [    9.236650] sr 0:0:0:2: [sr0] tag#24 unaligned transfer
May  1 22:38:06 Debian-Redes kernel: [    9.239746] sr 0:0:0:2: [sr0] tag#33 unaligned transfer
May  1 22:38:06 Debian-Redes kernel: [    9.242898] sr 0:0:0:2: [sr0] tag#42 unaligned transfer
May  1 22:38:06 Debian-Redes kernel: [    9.245842] sr 0:0:0:2: [sr0] tag#51 unaligned transfer
May  1 22:38:06 Debian-Redes kernel: [    9.248783] sr 0:0:0:2: [sr0] tag#60 unaligned transfer
May  1 22:38:06 Debian-Redes kernel: [    9.251809] sr 0:0:0:2: [sr0] tag#5 unaligned transfer
